95.213.187.189 - - [17/Nov/2015:05:17:07 +0800] "POST http://check.best-proxies.ru/azenv.php?auth=144770862769&a=PSCN&i=2032847673&p=80 HTTP/1.1" 404 284 "http://best-proxies.ru/" "Mozilla/4.0 (compatible; MSIE 8.0; Windows NT 5.1; Trident/4.0)"
61.160.213.110 - - [17/Nov/2015:06:09:27 +0800] "GET http://passport.tianya.cn/register/default.jsp?sourceURL=http%3A%2F%2Fbbs.tianya.cn%2F HTTP/1.1" 404 284 "-" "Mozilla/4.0 (compatible; MSIE 6.0; Windows NT 5.1; SV1; .NET CLR 2.0.50727; .NET CLR 3.0.04506.648; .NET CLR 3.5.21022)"
185.49.14.190 - - [17/Nov/2015:09:09:31 +0800] "GET http://testp2.czar.bielawa.pl/testproxy.php HTTP/1.1" 404 284 "-" "Mozilla/5.0 (Windows NT 5.1; rv:32.0) Gecko/20100101 Firefox/31.0"
121.42.0.34 - - [17/Nov/2015:09:33:31 +0800] "GET / HTTP/1.0" 200 6786 "-" "spiderman"
123.151.149.222 - - [17/Nov/2015:09:45:37 +0800] "GET http://www.baidu.com/ HTTP/1.1" 200 6786 "-" "-"
95.213.187.188 - - [17/Nov/2015:09:50:21 +0800] "POST http://check.best-proxies.ru/azenv.php?auth=144772502135&a=PSCN&i=2032847673&p=80 HTTP/1.1" 404 284 "http://best-proxies.ru/" "Mozilla/4.0 (compatible; MSIE 8.0; Windows NT 5.1; Trident/4.0)"
111.248.96.22 - - [17/Nov/2015:10:38:12 +0800] "CONNECT vip163mx01.mxmail.netease.com:25 HTTP/1.0" 400 172 "-" "-"
154.87.1.102 - - [17/Nov/2015:11:46:22 +0800] "GET / HTTP/1.1" 200 6786 "-" "-"
221.231.6.246 - - [17/Nov/2015:11:46:33 +0800] "OPTIONS / HTTP/1.1" 405 323 "-" "Mozilla/5.0 (Macintosh; Intel Mac OS X 10_10_5) AppleWebKit/537.36 (KHTML, like Gecko) Chrome/43.0.2357.134 Safari/537.36 QQBrowser/3.8.3858.400"
95.213.187.188 - - [17/Nov/2015:14:19:29 +0800] "POST http://check.best-proxies.ru/azenv.php?auth=144774117049&a=PSCN&i=2032847673&p=80 HTTP/1.1" 404 284 "http://best-proxies.ru/" "Mozilla/4.0 (compatible; MSIE 8.0; Windows NT 5.1; Trident/4.0)"
95.213.187.186 - - [17/Nov/2015:18:44:22 +0800] "POST http://check.best-proxies.ru/azenv.php?auth=144775706385&a=PSCN&i=2032847673&p=80 HTTP/1.1" 404 284 "http://best-proxies.ru/" "Mozilla/4.0 (compatible; MSIE 8.0; Windows NT 5.1; Trident/4.0)"
128.232.110.28 - - [17/Nov/2015:19:53:05 +0800] "GET / HTTP/1.1" 200 6786 "-" "Mozilla/5.0 zgrab/0.x"
120.24.251.13 - - [17/Nov/2015:20:38:14 +0800] "GET / HTTP/1.1" 200 6786 "-" "-"
171.208.221.246 - - [17/Nov/2015:22:17:30 +0800] "HEAD / HTTP/1.0" 405 0 "-" "-"
95.213.187.188 - - [17/Nov/2015:23:03:38 +0800] "POST http://check.best-proxies.ru/azenv.php?auth=144777261887&a=PSCN&i=2032847673&p=80 HTTP/1.1" 404 284 "http://best-proxies.ru/" "Mozilla/4.0 (compatible; MSIE 8.0; Windows NT 5.1; Trident/4.0)"
112.74.206.117 - - [18/Nov/2015:00:21:29 +0800] "GET / HTTP/1.1" 200 6786 "-" "-"
123.151.149.222 - - [18/Nov/2015:02:34:17 +0800] "GET http://www.baidu.com/ HTTP/1.1" 200 6786 "-" "-"
5.178.86.77 - - [18/Nov/2015:03:27:28 +0800] "POST http://check.best-proxies.ru/azenv.php?auth=144778844919&a=PSCN&i=2032847673&p=80 HTTP/1.1" 404 284 "http://best-proxies.ru/" "Mozilla/4.0 (compatible; MSIE 8.0; Windows NT 5.1; Trident/4.0)"
203.67.9.77 - - [18/Nov/2015:05:14:57 +0800] "\x01\x00\x00\x00" 400 172 "-" "-"
91.196.50.33 - - [18/Nov/2015:06:48:52 +0800] "GET http://testp2.czar.bielawa.pl/testproxy.php HTTP/1.1" 404 284 "-" "Mozilla/5.0 (Windows NT 5.1; rv:32.0) Gecko/20100101 Firefox/31.0"
146.185.239.100 - - [18/Nov/2015:07:29:00 +0800] "GET http://24x7-allrequestsallowed.com/?PHPSESSID=aab45f4f00143PPRJRT_EBGFQ%40 HTTP/1.1" 200 6786 "-" "-"
176.103.48.58 - - [18/Nov/2015:08:34:49 +0800] "GET / HTTP/1.1" 200 6786 "-" "Mozilla/5.0 (Windows NT 5.1; rv:9.0.1) Gecko/20100101 Firefox/9.0.1"
61.160.213.110 - - [18/Nov/2015:09:57:13 +0800] "GET http://passport.tianya.cn/register/default.jsp?sourceURL=http%3A%2F%2Fbbs.tianya.cn%2F HTTP/1.1" 404 284 "-" "Mozilla/4.0 (compatible; MSIE 6.0; Windows NT 5.1; SV1; .NET CLR 2.0.50727; .NET CLR 3.0.04506.648; .NET CLR 3.5.21022)"
123.151.149.222 - - [18/Nov/2015:10:34:09 +0800] "GET http://www.baidu.com/ HTTP/1.1" 200 6786 "-" "-"
203.67.9.77 - - [18/Nov/2015:10:42:08 +0800] "\x01\x01\x01\x01\x01\x01\x01\x01\x01\x01\x01\x01\x01\x01\x01\x01\x01\x01\x01\x01\x01\x01\x01\x01\x01\x01\x01\x01\x01\x01\x01\x01\x01\x01\x01\x01\x01\x01\x01\x01\x01\x01\x01\x01\x01\x01\x01\x01\x01\x01\x01\x01\x01\x01\x01\x01\x01\x01\x01\x01\x01\x01\x01\x01\x01\x01\x01\x01\x01\x01\x01\x01\x01\x01\x01\x01\x01\x01\x01\x01\x01\x01\x01\x01\x01\x01\x01\x01\x01\x01\x01\x01\x01\x01\x01\x01\x01\x01\x01\x01\x01\x01\x01\x01\x01\x01\x01\x01\x01\x01\x01\x01\x01\x01\x01\x01\x01\x01\x01\x01\x01\x01\x01\x01\x01\x01\x01\x01\x01\x01\x01\x01\x01\x01\x01\x01\x01\x01\x01\x01\x01\x01\x01\x01\x01\x01\x01\x01\x01\x01\x01\x01\x01\x01\x01\x01\x01\x01\x01\x01\x01\x01\x01\x01\x01\x01\x01\x01\x01\x01\x01\x01\x01\x01\x01\x01\x01\x01\x01\x01\x01\x01\x01\x01\x01\x01\x01\x01\x01\x01\x01\x01\x01\x01\x01\x01\x01\x01\x01\x01\x01\x01\x01\x01\x01\x01\x01\x01\x01\x01\x01\x01\x01\x01\x01\x01\x01\x01\x01\x01\x01\x01\x01\x01\x01\x01\x01\x01\x01\x01\x01\x01\x01\x01\x01\x01\x01\x01\x01\x01\x01\x01\x01\x01\x01\x01\x01\x01\x01\x01\x01\x01\x01\x01\x01\x01" 400 172 "-" "-"
95.213.187.190 - - [18/Nov/2015:12:01:06 +0800] "POST http://check.best-proxies.ru/azenv.php?auth=144781926683&a=PSCN&i=2032847673&p=80 HTTP/1.1" 404 284 "http://best-proxies.ru/" "Mozilla/4.0 (compatible; MSIE 8.0; Windows NT 5.1; Trident/4.0)"
121.42.0.33 - - [18/Nov/2015:12:02:49 +0800] "GET / HTTP/1.0" 200 6786 "-" "spiderman"
171.208.221.246 - - [18/Nov/2015:13:05:57 +0800] "HEAD / HTTP/1.0" 405 0 "-" "-"
1.171.248.45 - - [18/Nov/2015:13:35:04 +0800] "CONNECT vip163mx01.mxmail.netease.com:25 HTTP/1.0" 400 172 "-" "-"
111.248.99.100 - - [18/Nov/2015:14:42:52 +0800] "CONNECT 163mx02.mxmail.netease.com:25 HTTP/1.0" 400 172 "-" "-"
171.208.221.246 - - [18/Nov/2015:14:44:41 +0800] "HEAD / HTTP/1.0" 405 0 "-" "-"
5.178.86.76 - - [18/Nov/2015:16:14:14 +0800] "POST http://check.best-proxies.ru/azenv.php?auth=144783445573&a=PSCN&i=2032847673&p=80 HTTP/1.1" 404 284 "http://best-proxies.ru/" "Mozilla/4.0 (compatible; MSIE 8.0; Windows NT 5.1; Trident/4.0)"
141.212.121.192 - - [18/Nov/2015:16:19:23 +0800] "GET / HTTP/1.1" 200 6786 "-" "Mozilla/5.0 zgrab/0.x"
121.42.0.35 - - [18/Nov/2015:16:51:07 +0800] "GET / HTTP/1.0" 200 6786 "-" "spiderman"
171.208.221.246 - - [18/Nov/2015:17:52:38 +0800] "HEAD / HTTP/1.0" 405 0 "-" "-"
141.212.122.96 - - [18/Nov/2015:18:22:01 +0800] "CONNECT proxytest.zmap.io:80 HTTP/1.1" 400 172 "-" "-"
123.151.149.222 - - [18/Nov/2015:18:33:57 +0800] "GET http://www.baidu.com/ HTTP/1.1" 200 6786 "-" "-"
221.231.6.246 - - [18/Nov/2015:19:30:00 +0800] "OPTIONS / HTTP/1.1" 405 323 "-" "Mozilla/5.0 (Macintosh; Intel Mac OS X 10_10_5) AppleWebKit/537.36 (KHTML, like Gecko) Chrome/43.0.2357.134 Safari/537.36 QQBrowser/3.8.3858.400"
221.231.6.246 - - [18/Nov/2015:19:30:05 +0800] "GET / HTTP/1.1" 200 6786 "http://121.42.203.57:80" "Mozilla/5.0 (Macintosh; Intel Mac OS X 10_10_5) AppleWebKit/537.36 (KHTML, like Gecko) Chrome/43.0.2357.134 Safari/537.36 QQBrowser/3.8.3858.400"
154.87.1.102 - - [18/Nov/2015:19:45:17 +0800] "GET / HTTP/1.1" 200 6786 "-" "-"
95.213.187.188 - - [18/Nov/2015:20:27:01 +0800] "POST http://check.best-proxies.ru/azenv.php?auth=144784962291&a=PSCN&i=2032847673&p=80 HTTP/1.1" 404 284 "http://best-proxies.ru/" "Mozilla/4.0 (compatible; MSIE 8.0; Windows NT 5.1; Trident/4.0)"
185.106.94.2 - - [18/Nov/2015:20:49:07 +0800] "GET //cgi-bin/php HTTP/1.1" 404 284 "-" "Mozilla/4.0 (compatible; MSIE 6.0; Windows 98)"
185.106.94.2 - - [18/Nov/2015:20:49:07 +0800] "GET //cgi-bin/php5 HTTP/1.1" 404 284 "-" "Mozilla/4.0 (compatible; MSIE 6.0; Windows 98)"
185.106.94.2 - - [18/Nov/2015:20:49:08 +0800] "GET //cgi-bin/php-cgi HTTP/1.1" 404 284 "-" "Mozilla/4.0 (compatible; MSIE 6.0; Windows 98)"
185.106.94.2 - - [18/Nov/2015:20:49:14 +0800] "GET //cgi-bin/php.cgi HTTP/1.1" 404 284 "-" "Mozilla/4.0 (compatible; MSIE 6.0; Windows 98)"
185.106.94.2 - - [18/Nov/2015:20:49:15 +0800] "GET //cgi-bin/php4 HTTP/1.1" 404 284 "-" "Mozilla/4.0 (compatible; MSIE 6.0; Windows 98)"
218.247.190.130 - - [18/Nov/2015:23:44:06 +0800] "HEAD / HTTP/1.0" 405 0 "-" "-"
123.151.149.222 - - [19/Nov/2015:02:07:36 +0800] "GET http://www.baidu.com/ HTTP/1.1" 200 6786 "-" "-"
185.25.148.240 - - [19/Nov/2015:03:26:21 +0800] "GET http://testp2.czar.bielawa.pl/testproxy.php HTTP/1.1" 404 284 "-" "Mozilla/5.0 (Windows NT 5.1; rv:32.0) Gecko/20100101 Firefox/31.0"
121.42.0.33 - - [19/Nov/2015:03:37:25 +0800] "GET / HTTP/1.0" 200 6786 "-" "spiderman"
171.208.221.246 - - [19/Nov/2015:05:00:51 +0800] "HEAD / HTTP/1.0" 405 0 "-" "-"
171.208.221.246 - - [19/Nov/2015:08:23:38 +0800] "HEAD / HTTP/1.0" 405 0 "-" "-"
61.160.213.110 - - [19/Nov/2015:08:36:41 +0800] "GET http://passport.tianya.cn/register/default.jsp?sourceURL=http%3A%2F%2Fbbs.tianya.cn%2F HTTP/1.1" 404 284 "-" "Mozilla/4.0 (compatible; MSIE 6.0; Windows NT 5.1; SV1; .NET CLR 2.0.50727; .NET CLR 3.0.04506.648; .NET CLR 3.5.21022)"
95.213.187.189 - - [19/Nov/2015:09:05:12 +0800] "POST http://check.best-proxies.ru/azenv.php?auth=144789511395&a=PSCN&i=2032847673&p=80 HTTP/1.1" 404 284 "http://best-proxies.ru/" "Mozilla/4.0 (compatible; MSIE 8.0; Windows NT 5.1; Trident/4.0)"
37.48.94.6 - grigor [19/Nov/2015:09:40:16 +0800] "GET http://85.17.141.182/proxychecker/check.cgi?action=getinfo HTTP/1.1" 404 284 "http://www.google.com/search?hl=ru&q=free+proxy+checker&sourceid=navclient-ff&ie=UTF-8" "Mozilla/4.0 (compatible; MSIE 6.0; Windows NT 5.1; SV1)"
123.151.149.222 - - [19/Nov/2015:10:07:26 +0800] "GET http://www.baidu.com/ HTTP/1.1" 200 6786 "-" "-"
221.231.6.246 - - [19/Nov/2015:11:44:28 +0800] "OPTIONS / HTTP/1.1" 405 323 "-" "Mozilla/5.0 (Macintosh; Intel Mac OS X 10_10_5) AppleWebKit/537.36 (KHTML, like Gecko) Chrome/43.0.2357.134 Safari/537.36 QQBrowser/3.8.3858.400"
61.160.213.110 - - [19/Nov/2015:12:47:31 +0800] "GET http://passport.tianya.cn/register/default.jsp?sourceURL=http%3A%2F%2Fbbs.tianya.cn%2F HTTP/1.1" 404 284 "-" "Mozilla/4.0 (compatible; MSIE 6.0; Windows NT 5.1; SV1; .NET CLR 2.0.50727; .NET CLR 3.0.04506.648; .NET CLR 3.5.21022)"
141.212.122.112 - - [19/Nov/2015:16:05:06 +0800] "GET /x HTTP/1.1" 400 172 "-" "Telesphoreo"
203.236.50.95 - - [19/Nov/2015:17:55:35 +0800] "GET / HTTP/1.1" 200 6786 "-" "Mozilla/4.0 (compatible; MSIE 6.0; Windows NT 5.1"
123.151.149.222 - - [19/Nov/2015:18:07:22 +0800] "GET http://www.baidu.com/ HTTP/1.1" 200 6786 "-" "-"
121.42.26.218 - - [19/Nov/2015:19:13:20 +0800] "CONNECT www.google.co.uk:443 HTTP/1.1" 400 172 "-" "-"
203.67.9.77 - - [19/Nov/2015:21:15:51 +0800] "GET / HTTP/1.1" 400 574 "-" "Mozilla/5.0 (Windows NT 6.3; WOW64) AppleWebKit/537.36 (KHTML, like Gecko) Chrome/45.0.2454.101 Safari/537.36"
185.25.148.240 - - [19/Nov/2015:22:45:47 +0800] "GET http://testp4.pospr.waw.pl/testproxy.php HTTP/1.1" 404 284 "-" "Mozilla/5.0 (Windows NT 5.1; rv:32.0) Gecko/20100101 Firefox/31.0"
121.42.26.218 - - [19/Nov/2015:23:42:27 +0800] "CONNECT www.google.co.uk:443 HTTP/1.1" 400 172 "-" "-"
198.20.69.74 - - [20/Nov/2015:00:47:19 +0800] "GET / HTTP/1.1" 200 6786 "-" "-"
198.20.69.74 - - [20/Nov/2015:00:47:19 +0800] "GET /robots.txt HTTP/1.1" 404 311 "-" "-"
198.20.69.74 - - [20/Nov/2015:00:47:20 +0800] "GET /sitemap.xml HTTP/1.1" 404 284 "-" "-"
123.151.149.222 - - [20/Nov/2015:01:53:58 +0800] "GET http://www.baidu.com/ HTTP/1.1" 200 6786 "-" "-"
61.160.213.110 - - [20/Nov/2015:03:51:13 +0800] "GET http://passport.tianya.cn/register/default.jsp?sourceURL=http%3A%2F%2Fbbs.tianya.cn%2F HTTP/1.1" 404 284 "-" "Mozilla/4.0 (compatible; MSIE 6.0; Windows NT 5.1; SV1; .NET CLR 2.0.50727; .NET CLR 3.0.04506.648; .NET CLR 3.5.21022)"
61.160.213.110 - - [20/Nov/2015:04:58:55 +0800] "GET http://passport.tianya.cn/register/default.jsp?sourceURL=http%3A%2F%2Fbbs.tianya.cn%2F HTTP/1.1" 404 284 "-" "Mozilla/4.0 (compatible; MSIE 6.0; Windows NT 5.1; SV1; .NET CLR 2.0.50727; .NET CLR 3.0.04506.648; .NET CLR 3.5.21022)"
121.42.36.240 - - [20/Nov/2015:06:45:34 +0800] "CONNECT www.google.co.uk:443 HTTP/1.1" 400 172 "-" "-"
123.151.149.222 - - [20/Nov/2015:09:53:49 +0800] "GET http://www.baidu.com/ HTTP/1.1" 200 6786 "-" "-"
95.213.187.190 - - [20/Nov/2015:11:21:45 +0800] "POST http://check.best-proxies.ru/azenv.php?auth=144798970639&a=PSCN&i=2032847673&p=80 HTTP/1.1" 404 284 "http://best-proxies.ru/" "Mozilla/4.0 (compatible; MSIE 8.0; Windows NT 5.1; Trident/4.0)"
120.26.55.211 - - [20/Nov/2015:11:38:41 +0800] "GET /bocadmin/index.php?login HTTP/1.1" 404 284 "-" "-"
120.26.55.211 - - [20/Nov/2015:11:38:41 +0800] "" 400 0 "-" "-"
61.174.9.81 - - [20/Nov/2015:13:15:20 +0800] "GET / HTTP/1.0" 200 6786 "-" "masscan/1.0 (https://github.com/robertdavidgraham/masscan)"
5.178.86.74 - - [20/Nov/2015:15:41:08 +0800] "POST http://check.best-proxies.ru/azenv.php?auth=144800526903&a=PSCN&i=2032847673&p=80 HTTP/1.1" 404 284 "http://best-proxies.ru/" "Mozilla/4.0 (compatible; MSIE 8.0; Windows NT 5.1; Trident/4.0)"
131.162.130.180 - - [20/Nov/2015:16:40:42 +0800] "GET / HTTP/1.1" 200 6786 "-" "-"
203.236.50.95 - - [20/Nov/2015:16:51:28 +0800] "GET / HTTP/1.1" 200 6786 "-" "Mozilla/4.0 (compatible; MSIE 6.0; Windows NT 5.1"
141.212.122.80 - - [20/Nov/2015:17:45:10 +0800] "CONNECT proxytest.zmap.io:80 HTTP/1.1" 400 172 "-" "-"
123.151.149.222 - - [20/Nov/2015:17:53:44 +0800] "GET http://www.baidu.com/ HTTP/1.1" 200 6786 "-" "-"
171.208.221.246 - - [20/Nov/2015:18:23:39 +0800] "HEAD / HTTP/1.0" 405 0 "-" "-"
203.67.9.74 - - [20/Nov/2015:18:35:33 +0800] "GET / HTTP/1.1" 400 574 "-" "Mozilla/5.0 (Windows NT 6.3; WOW64) AppleWebKit/537.36 (KHTML, like Gecko) Chrome/45.0.2454.101 Safari/537.36"
185.49.14.190 - - [20/Nov/2015:18:49:15 +0800] "GET http://testp3.pospr.waw.pl/testproxy.php HTTP/1.1" 404 284 "-" "Mozilla/5.0 (Windows NT 5.1; rv:32.0) Gecko/20100101 Firefox/31.0"
5.178.86.77 - - [20/Nov/2015:19:57:06 +0800] "POST http://check.best-proxies.ru/azenv.php?auth=144802062681&a=PSCN&i=2032847673&p=80 HTTP/1.1" 404 284 "http://best-proxies.ru/" "Mozilla/4.0 (compatible; MSIE 8.0; Windows NT 5.1; Trident/4.0)"
61.160.213.110 - - [20/Nov/2015:20:23:56 +0800] "GET http://passport.tianya.cn/register/default.jsp?sourceURL=http%3A%2F%2Fbbs.tianya.cn%2F HTTP/1.1" 404 284 "-" "Mozilla/4.0 (compatible; MSIE 6.0; Windows NT 5.1; SV1; .NET CLR 2.0.50727; .NET CLR 3.0.04506.648; .NET CLR 3.5.21022)"
123.151.149.222 - - [21/Nov/2015:01:32:06 +0800] "GET http://www.baidu.com/ HTTP/1.1" 200 6786 "-" "-"
222.45.51.236 - - [21/Nov/2015:01:58:16 +0800] "GET / HTTP/1.1" 200 6786 "-" "Mozilla/4.0 (compatible; MSIE 6.0; Windows NT 5.1"
95.213.187.189 - - [21/Nov/2015:04:24:12 +0800] "POST http://check.best-proxies.ru/azenv.php?auth=144805105399&a=PSCN&i=2032847673&p=80 HTTP/1.1" 404 284 "http://best-proxies.ru/" "Mozilla/4.0 (compatible; MSIE 8.0; Windows NT 5.1; Trident/4.0)"
5.178.86.74 - - [21/Nov/2015:08:48:27 +0800] "POST http://check.best-proxies.ru/azenv.php?auth=144806690749&a=PSCN&i=2032847673&p=80 HTTP/1.1" 404 284 "http://best-proxies.ru/" "Mozilla/4.0 (compatible; MSIE 8.0; Windows NT 5.1; Trident/4.0)"
123.151.149.222 - - [21/Nov/2015:09:31:09 +0800] "GET http://www.baidu.com/ HTTP/1.1" 200 6786 "-" "-"
61.160.213.110 - - [21/Nov/2015:12:53:44 +0800] "GET http://passport.tianya.cn/register/default.jsp?sourceURL=http%3A%2F%2Fbbs.tianya.cn%2F HTTP/1.1" 404 284 "-" "Mozilla/4.0 (compatible; MSIE 6.0; Windows NT 5.1; SV1; .NET CLR 2.0.50727; .NET CLR 3.0.04506.648; .NET CLR 3.5.21022)"
95.213.187.187 - - [21/Nov/2015:13:14:49 +0800] "POST http://check.best-proxies.ru/azenv.php?auth=144808289047&a=PSCN&i=2032847673&p=80 HTTP/1.1" 404 284 "http://best-proxies.ru/" "Mozilla/4.0 (compatible; MSIE 8.0; Windows NT 5.1; Trident/4.0)"
91.196.50.33 - - [21/Nov/2015:15:08:52 +0800] "GET http://testp3.pospr.waw.pl/testproxy.php HTTP/1.1" 404 284 "-" "Mozilla/5.0 (Windows NT 5.1; rv:32.0) Gecko/20100101 Firefox/31.0"
171.208.221.246 - - [21/Nov/2015:16:45:10 +0800] "HEAD / HTTP/1.0" 405 0 "-" "-"
123.151.149.222 - - [21/Nov/2015:17:30:54 +0800] "GET http://www.baidu.com/ HTTP/1.1" 200 6786 "-" "-"
61.132.225.18 - - [21/Nov/2015:17:51:42 +0800] "GET / HTTP/1.1" 200 6786 "-" "Mozilla/4.0 (compatible; MSIE 6.0; Windows NT 5.1"
95.213.187.190 - - [21/Nov/2015:17:53:11 +0800] "POST http://check.best-proxies.ru/azenv.php?auth=144809959295&a=PSCN&i=2032847673&p=80 HTTP/1.1" 404 284 "http://best-proxies.ru/" "Mozilla/4.0 (compatible; MSIE 8.0; Windows NT 5.1; Trident/4.0)"
185.25.151.159 - - [21/Nov/2015:20:47:51 +0800] "GET http://testp2.czar.bielawa.pl/testproxy.php HTTP/1.1" 404 284 "-" "Mozilla/5.0 (Windows NT 5.1; rv:32.0) Gecko/20100101 Firefox/31.0"
103.240.16.119 - - [21/Nov/2015:21:47:35 +0800] "GET http://www.example.com/ HTTP/1.1" 200 6786 "-" "Mozilla/5.0 (Windows NT 6.1)"
183.131.78.214 - - [21/Nov/2015:22:06:56 +0800] "GET / HTTP/1.1" 200 6786 "-" "Mozilla/5.0 zgrab/0.x"
95.213.187.188 - - [21/Nov/2015:22:17:18 +0800] "POST http://check.best-proxies.ru/azenv.php?auth=144811543931&a=PSCN&i=2032847673&p=80 HTTP/1.1" 404 284 "http://best-proxies.ru/" "Mozilla/4.0 (compatible; MSIE 8.0; Windows NT 5.1; Trident/4.0)"
171.208.221.246 - - [21/Nov/2015:23:45:58 +0800] "HEAD / HTTP/1.0" 405 0 "-" "-"
123.151.149.222 - - [22/Nov/2015:01:15:31 +0800] "GET http://www.baidu.com/ HTTP/1.1" 200 6786 "-" "-"
114.215.189.122 - - [22/Nov/2015:01:42:15 +0800] "GET / HTTP/1.1" 200 6786 "-" "-"
221.231.6.246 - - [22/Nov/2015:01:49:53 +0800] "OPTIONS / HTTP/1.1" 405 323 "-" "Mozilla/5.0 (Macintosh; Intel Mac OS X 10_10_5) AppleWebKit/537.36 (KHTML, like Gecko) Chrome/43.0.2357.134 Safari/537.36 QQBrowser/3.8.3858.400"
221.231.6.246 - - [22/Nov/2015:01:49:58 +0800] "GET / HTTP/1.1" 200 6786 "http://121.42.203.57:80" "Mozilla/5.0 (Macintosh; Intel Mac OS X 10_10_5) AppleWebKit/537.36 (KHTML, like Gecko) Chrome/43.0.2357.134 Safari/537.36 QQBrowser/3.8.3858.400"
61.160.213.110 - - [22/Nov/2015:02:45:19 +0800] "GET http://passport.tianya.cn/register/default.jsp?sourceURL=http%3A%2F%2Fbbs.tianya.cn%2F HTTP/1.1" 404 284 "-" "Mozilla/4.0 (compatible; MSIE 6.0; Windows NT 5.1; SV1; .NET CLR 2.0.50727; .NET CLR 3.0.04506.648; .NET CLR 3.5.21022)"
121.40.71.196 - - [22/Nov/2015:03:31:46 +0800] "GET http://www.haosou.com/?t=1448134308084 HTTP/1.1" 200 6786 "-" "Mozilla/5.0 (Windows NT 6.1; WOW64) AppleWebKit/537.36 (KHTML, like Gecko) Chrome/40.0.2214.111 Safari/537.36"
121.42.10.133 - - [22/Nov/2015:05:05:40 +0800] "CONNECT www.google.co.uk:443 HTTP/1.1" 400 172 "-" "-"
154.87.1.102 - - [22/Nov/2015:05:15:56 +0800] "GET / HTTP/1.1" 200 6786 "-" "-"
61.160.213.110 - - [22/Nov/2015:05:44:44 +0800] "GET http://passport.tianya.cn/register/default.jsp?sourceURL=http%3A%2F%2Fbbs.tianya.cn%2F HTTP/1.1" 404 284 "-" "Mozilla/4.0 (compatible; MSIE 6.0; Windows NT 5.1; SV1; .NET CLR 2.0.50727; .NET CLR 3.0.04506.648; .NET CLR 3.5.21022)"
5.178.86.77 - - [22/Nov/2015:06:48:36 +0800] "POST http://check.best-proxies.ru/azenv.php?auth=144814611725&a=PSCN&i=2032847673&p=80 HTTP/1.1" 404 284 "http://best-proxies.ru/" "Mozilla/4.0 (compatible; MSIE 8.0; Windows NT 5.1; Trident/4.0)"
123.151.149.222 - - [22/Nov/2015:09:19:13 +0800] "GET http://www.baidu.com/ HTTP/1.1" 200 6786 "-" "-"
180.109.136.122 - - [22/Nov/2015:10:50:51 +0800] "GET http://www.baidu.com HTTP/1.1" 200 6786 "-" "-"
219.140.173.7 - - [22/Nov/2015:11:56:39 +0800] "HEAD / HTTP/1.0" 405 0 "-" "-"
218.242.170.163 - - [22/Nov/2015:13:15:35 +0800] "HEAD / HTTP/1.0" 405 0 "-" "-"
108.166.213.60 - - [22/Nov/2015:14:34:20 +0800] "GET / HTTP/1.0" 200 6786 "-" "Mozilla/5.0 (compatible; bingbot/2.0; +http://www.bing.com/bingbot.htm)"
5.178.86.76 - - [22/Nov/2015:15:15:57 +0800] "POST http://check.best-proxies.ru/azenv.php?auth=144817655877&a=PSCN&i=2032847673&p=80 HTTP/1.1" 404 284 "http://best-proxies.ru/" "Mozilla/4.0 (compatible; MSIE 8.0; Windows NT 5.1; Trident/4.0)"
123.151.149.222 - - [22/Nov/2015:17:19:07 +0800] "GET http://www.baidu.com/ HTTP/1.1" 200 6786 "-" "-"
146.185.239.100 - - [22/Nov/2015:18:10:19 +0800] "GET http://24x7-allrequestsallowed.com/?PHPSESSID=aab45f4f00143PPRJRT_EBGFQ%40 HTTP/1.1" 200 6786 "-" "-"
91.196.50.33 - - [22/Nov/2015:20:05:32 +0800] "GET http://testp2.czar.bielawa.pl/testproxy.php HTTP/1.1" 404 284 "-" "Mozilla/5.0 (Windows NT 5.1; rv:32.0) Gecko/20100101 Firefox/31.0"
154.87.1.102 - - [22/Nov/2015:21:27:47 +0800] "GET / HTTP/1.1" 200 6786 "-" "-"
188.228.66.55 - - [22/Nov/2015:22:18:04 +0800] "POST /tmUnblock.cgi HTTP/1.1" 404 284 "-" "-"
103.58.149.17 - - [22/Nov/2015:23:57:16 +0800] "GET /webdav/ HTTP/1.1" 404 284 "-" "Mozilla/4.0 (compatible; MSIE 7.0; Windows NT 5.1)"
103.58.149.17 - - [23/Nov/2015:02:13:49 +0800] "GET /webdav/ HTTP/1.1" 404 284 "-" "Mozilla/4.0 (compatible; MSIE 7.0; Windows NT 5.1)"
123.151.149.222 - - [23/Nov/2015:02:22:06 +0800] "GET http://www.baidu.com/ HTTP/1.1" 200 6786 "-" "-"
121.42.0.35 - - [23/Nov/2015:04:57:57 +0800] "GET / HTTP/1.0" 200 6786 "-" "spiderman"
95.213.187.189 - - [23/Nov/2015:08:29:09 +0800] "POST http://check.best-proxies.ru/azenv.php?auth=144823855047&a=PSCN&i=2032847673&p=80 HTTP/1.1" 404 284 "http://best-proxies.ru/" "Mozilla/4.0 (compatible; MSIE 8.0; Windows NT 5.1; Trident/4.0)"
123.151.149.222 - - [23/Nov/2015:10:21:56 +0800] "GET http://www.baidu.com/ HTTP/1.1" 200 6786 "-" "-"
5.178.86.78 - - [23/Nov/2015:12:50:01 +0800] "POST http://check.best-proxies.ru/azenv.php?auth=144825420209&a=PSCN&i=2032847673&p=80 HTTP/1.1" 404 284 "http://best-proxies.ru/" "Mozilla/4.0 (compatible; MSIE 8.0; Windows NT 5.1; Trident/4.0)"
154.87.1.102 - - [23/Nov/2015:13:21:21 +0800] "GET / HTTP/1.1" 200 6786 "-" "-"
221.231.6.246 - - [23/Nov/2015:15:19:13 +0800] "OPTIONS / HTTP/1.1" 405 323 "-" "Mozilla/5.0 (Macintosh; Intel Mac OS X 10_10_5) AppleWebKit/537.36 (KHTML, like Gecko) Chrome/43.0.2357.134 Safari/537.36 QQBrowser/3.8.3858.400"
221.231.6.246 - - [23/Nov/2015:15:19:14 +0800] "GET / HTTP/1.1" 200 6786 "http://121.42.203.57:80" "Mozilla/5.0 (Macintosh; Intel Mac OS X 10_10_5) AppleWebKit/537.36 (KHTML, like Gecko) Chrome/43.0.2357.134 Safari/537.36 QQBrowser/3.8.3858.400"
221.231.6.246 - - [23/Nov/2015:15:19:14 +0800] "GET /tcpipwan.asp HTTP/1.1" 404 284 "http://121.42.203.57:80" "Mozilla/5.0 (Macintosh; Intel Mac OS X 10_10_5) AppleWebKit/537.36 (KHTML, like Gecko) Chrome/43.0.2357.134 Safari/537.36 QQBrowser/3.8.3858.400"
221.231.6.246 - - [23/Nov/2015:15:19:14 +0800] "GET / HTTP/1.1" 200 6786 "http://121.42.203.57:80" "Mozilla/5.0 (Macintosh; Intel Mac OS X 10_10_5) AppleWebKit/537.36 (KHTML, like Gecko) Chrome/43.0.2357.134 Safari/537.36 QQBrowser/3.8.3858.400"
202.116.234.16 - - [23/Nov/2015:16:27:07 +0800] "HEAD / HTTP/1.0" 405 0 "-" "-"
5.178.86.77 - - [23/Nov/2015:17:05:52 +0800] "POST http://check.best-proxies.ru/azenv.php?auth=144826955377&a=PSCN&i=2032847673&p=80 HTTP/1.1" 404 284 "http://best-proxies.ru/" "Mozilla/4.0 (compatible; MSIE 8.0; Windows NT 5.1; Trident/4.0)"
104.192.0.226 - - [23/Nov/2015:17:11:14 +0800] "GET /util_gw.js HTTP/1.0" 404 284 "-" "-"
123.151.149.222 - - [23/Nov/2015:18:22:15 +0800] "GET http://www.baidu.com/ HTTP/1.1" 200 6786 "-" "-"
221.231.6.246 - - [23/Nov/2015:20:44:53 +0800] "OPTIONS / HTTP/1.1" 405 323 "-" "Mozilla/5.0 (Macintosh; Intel Mac OS X 10_10_5) AppleWebKit/537.36 (KHTML, like Gecko) Chrome/43.0.2357.134 Safari/537.36 QQBrowser/3.8.3858.400"
221.231.6.246 - - [23/Nov/2015:20:44:53 +0800] "GET / HTTP/1.1" 200 6786 "http://121.42.203.57:80" "Mozilla/5.0 (Macintosh; Intel Mac OS X 10_10_5) AppleWebKit/537.36 (KHTML, like Gecko) Chrome/43.0.2357.134 Safari/537.36 QQBrowser/3.8.3858.400"
221.231.6.246 - - [23/Nov/2015:20:44:54 +0800] "GET /tcpipwan.asp HTTP/1.1" 404 284 "http://121.42.203.57:80" "Mozilla/5.0 (Macintosh; Intel Mac OS X 10_10_5) AppleWebKit/537.36 (KHTML, like Gecko) Chrome/43.0.2357.134 Safari/537.36 QQBrowser/3.8.3858.400"
221.231.6.246 - - [23/Nov/2015:20:44:54 +0800] "GET / HTTP/1.1" 200 6786 "http://121.42.203.57:80" "Mozilla/5.0 (Macintosh; Intel Mac OS X 10_10_5) AppleWebKit/537.36 (KHTML, like Gecko) Chrome/43.0.2357.134 Safari/537.36 QQBrowser/3.8.3858.400"
221.231.6.246 - - [23/Nov/2015:20:44:55 +0800] "GET /tcpipwan.asp HTTP/1.1" 404 284 "http://121.42.203.57:80" "Mozilla/5.0 (Macintosh; Intel Mac OS X 10_10_5) AppleWebKit/537.36 (KHTML, like Gecko) Chrome/43.0.2357.134 Safari/537.36 QQBrowser/3.8.3858.400"
95.213.187.189 - - [23/Nov/2015:21:21:23 +0800] "POST http://check.best-proxies.ru/azenv.php?auth=144828488473&a=PSCN&i=2032847673&p=80 HTTP/1.1" 404 284 "http://best-proxies.ru/" "Mozilla/4.0 (compatible; MSIE 8.0; Windows NT 5.1; Trident/4.0)"
121.42.165.215 - - [23/Nov/2015:21:42:39 +0800] "CONNECT www.google.co.uk:443 HTTP/1.1" 400 172 "-" "-"
101.200.77.100 - - [23/Nov/2015:21:57:41 +0800] "GET / HTTP/1.1" 200 6786 "-" "-"
221.231.6.246 - - [23/Nov/2015:22:24:50 +0800] "OPTIONS / HTTP/1.1" 405 323 "-" "Mozilla/5.0 (Macintosh; Intel Mac OS X 10_10_5) AppleWebKit/537.36 (KHTML, like Gecko) Chrome/43.0.2357.134 Safari/537.36 QQBrowser/3.8.3858.400"
221.231.6.246 - - [23/Nov/2015:22:24:50 +0800] "GET /error_page.htm HTTP/1.1" 404 284 "http://121.42.203.57:80" "Mozilla/5.0 (Macintosh; Intel Mac OS X 10_10_5) AppleWebKit/537.36 (KHTML, like Gecko) Chrome/43.0.2357.134 Safari/537.36 QQBrowser/3.8.3858.400"
221.231.6.246 - - [23/Nov/2015:22:24:51 +0800] "GET /QIS_wizard.htm HTTP/1.1" 404 284 "http://121.42.203.57:80" "Mozilla/5.0 (Macintosh; Intel Mac OS X 10_10_5) AppleWebKit/537.36 (KHTML, like Gecko) Chrome/43.0.2357.134 Safari/537.36 QQBrowser/3.8.3858.400"
221.231.6.246 - - [23/Nov/2015:22:24:51 +0800] "GET /WPS_info.asp HTTP/1.1" 404 284 "http://121.42.203.57:80" "Mozilla/5.0 (Macintosh; Intel Mac OS X 10_10_5) AppleWebKit/537.36 (KHTML, like Gecko) Chrome/43.0.2357.134 Safari/537.36 QQBrowser/3.8.3858.400"
221.231.6.246 - - [23/Nov/2015:22:24:52 +0800] "POST /command.php HTTP/1.1" 404 284 "-" "Mozilla/5.0 (Macintosh; Intel Mac OS X 10_10_5) AppleWebKit/537.36 (KHTML, like Gecko) Chrome/43.0.2357.134 Safari/537.36 QQBrowser/3.8.3858.400"
203.113.98.134 - - [23/Nov/2015:23:21:22 +0800] "GET /webdav/ HTTP/1.1" 404 284 "-" "Mozilla/4.0 (compatible; MSIE 7.0; Windows NT 5.1)"
221.231.6.246 - - [24/Nov/2015:00:50:15 +0800] "OPTIONS / HTTP/1.1" 405 323 "-" "Mozilla/5.0 (Macintosh; Intel Mac OS X 10_10_5) AppleWebKit/537.36 (KHTML, like Gecko) Chrome/43.0.2357.134 Safari/537.36 QQBrowser/3.8.3858.400"
221.231.6.246 - - [24/Nov/2015:00:50:23 +0800] "GET / HTTP/1.1" 200 6786 "http://121.42.203.57:80" "Mozilla/5.0 (Macintosh; Intel Mac OS X 10_10_5) AppleWebKit/537.36 (KHTML, like Gecko) Chrome/43.0.2357.134 Safari/537.36 QQBrowser/3.8.3858.400"
221.231.6.246 - - [24/Nov/2015:00:50:38 +0800] "GET /tcpipwan.asp HTTP/1.1" 404 284 "http://121.42.203.57:80" "Mozilla/5.0 (Macintosh; Intel Mac OS X 10_10_5) AppleWebKit/537.36 (KHTML, like Gecko) Chrome/43.0.2357.134 Safari/537.36 QQBrowser/3.8.3858.400"
221.231.6.246 - - [24/Nov/2015:00:50:53 +0800] "GET / HTTP/1.1" 200 6786 "http://121.42.203.57:80" "Mozilla/5.0 (Macintosh; Intel Mac OS X 10_10_5) AppleWebKit/537.36 (KHTML, like Gecko) Chrome/43.0.2357.134 Safari/537.36 QQBrowser/3.8.3858.400"
221.231.6.246 - - [24/Nov/2015:00:50:59 +0800] "GET /tcpipwan.asp HTTP/1.1" 404 284 "http://121.42.203.57:80" "Mozilla/5.0 (Macintosh; Intel Mac OS X 10_10_5) AppleWebKit/537.36 (KHTML, like Gecko) Chrome/43.0.2357.134 Safari/537.36 QQBrowser/3.8.3858.400"
111.248.102.3 - - [24/Nov/2015:01:38:45 +0800] "CONNECT vip163mx00.mxmail.netease.com:25 HTTP/1.0" 400 172 "-" "-"
5.178.86.77 - - [24/Nov/2015:02:01:06 +0800] "POST http://check.best-proxies.ru/azenv.php?auth=144830166619&a=PSCN&i=2032847673&p=80 HTTP/1.1" 404 284 "http://best-proxies.ru/" "Mozilla/4.0 (compatible; MSIE 8.0; Windows NT 5.1; Trident/4.0)"
123.151.149.222 - - [24/Nov/2015:02:42:23 +0800] "GET http://www.baidu.com/ HTTP/1.1" 200 6786 "-" "-"
61.160.213.110 - - [24/Nov/2015:03:46:00 +0800] "GET http://passport.tianya.cn/register/default.jsp?sourceURL=http%3A%2F%2Fbbs.tianya.cn%2F HTTP/1.1" 404 284 "-" "Mozilla/4.0 (compatible; MSIE 6.0; Windows NT 5.1; SV1; .NET CLR 2.0.50727; .NET CLR 3.0.04506.648; .NET CLR 3.5.21022)"
121.42.0.35 - - [24/Nov/2015:04:13:30 +0800] "GET / HTTP/1.0" 200 6786 "-" "spiderman"
121.40.71.196 - - [24/Nov/2015:04:22:15 +0800] "GET http://www.haosou.com/?t=1448310137272 HTTP/1.1" 200 6786 "-" "Mozilla/5.0 (Windows NT 6.1; WOW64) AppleWebKit/537.36 (KHTML, like Gecko) Chrome/40.0.2214.111 Safari/537.36"
178.32.251.48 - - [24/Nov/2015:05:09:59 +0800] "GET /w00tw00t.at.ISC.SANS.DFind:) HTTP/1.1" 400 172 "-" "-"
5.178.86.75 - - [24/Nov/2015:06:26:01 +0800] "POST http://check.best-proxies.ru/azenv.php?auth=144831756253&a=PSCN&i=2032847673&p=80 HTTP/1.1" 404 284 "http://best-proxies.ru/" "Mozilla/4.0 (compatible; MSIE 8.0; Windows NT 5.1; Trident/4.0)"
141.212.122.96 - - [24/Nov/2015:07:22:14 +0800] "CONNECT proxytest.zmap.io:80 HTTP/1.1" 400 172 "-" "-"
185.25.151.159 - - [24/Nov/2015:09:41:32 +0800] "GET http://testp3.pospr.waw.pl/testproxy.php HTTP/1.1" 404 284 "-" "Mozilla/5.0 (Windows NT 5.1; rv:32.0) Gecko/20100101 Firefox/31.0"
210.30.100.2 - - [24/Nov/2015:10:39:41 +0800] "GET / HTTP/1.1" 200 6786 "-" "Mozilla/5.0 (X11; Linux x86_64) AppleWebKit/537.36 (KHTML, like Gecko) Chrome/44.0.2403.157 Safari/537.36"
210.30.100.2 - - [24/Nov/2015:10:39:41 +0800] "GET /static/css/reset.css HTTP/1.1" 200 1108 "http://121.42.203.57/" "Mozilla/5.0 (X11; Linux x86_64) AppleWebKit/537.36 (KHTML, like Gecko) Chrome/44.0.2403.157 Safari/537.36"
210.30.100.2 - - [24/Nov/2015:10:39:41 +0800] "GET /static/css/style.css HTTP/1.1" 200 8159 "http://121.42.203.57/" "Mozilla/5.0 (X11; Linux x86_64) AppleWebKit/537.36 (KHTML, like Gecko) Chrome/44.0.2403.157 Safari/537.36"
210.30.100.2 - - [24/Nov/2015:10:39:41 +0800] "GET /static/css/slider.css HTTP/1.1" 200 1263 "http://121.42.203.57/" "Mozilla/5.0 (X11; Linux x86_64) AppleWebKit/537.36 (KHTML, like Gecko) Chrome/44.0.2403.157 Safari/537.36"
210.30.100.2 - - [24/Nov/2015:10:39:41 +0800] "GET /static/css/zerogrid.css HTTP/1.1" 200 2468 "http://121.42.203.57/" "Mozilla/5.0 (X11; Linux x86_64) AppleWebKit/537.36 (KHTML, like Gecko) Chrome/44.0.2403.157 Safari/537.36"
210.30.100.2 - - [24/Nov/2015:10:39:41 +0800] "GET /static/css/responsive.css HTTP/1.1" 200 1339 "http://121.42.203.57/" "Mozilla/5.0 (X11; Linux x86_64) AppleWebKit/537.36 (KHTML, like Gecko) Chrome/44.0.2403.157 Safari/537.36"
210.30.100.2 - - [24/Nov/2015:10:39:41 +0800] "GET /static/js/jquery.easing.1.3.js HTTP/1.1" 200 3517 "http://121.42.203.57/" "Mozilla/5.0 (X11; Linux x86_64) AppleWebKit/537.36 (KHTML, like Gecko) Chrome/44.0.2403.157 Safari/537.36"
210.30.100.2 - - [24/Nov/2015:10:39:41 +0800] "GET /static/js/css3-mediaqueries.js HTTP/1.1" 200 16018 "http://121.42.203.57/" "Mozilla/5.0 (X11; Linux x86_64) AppleWebKit/537.36 (KHTML, like Gecko) Chrome/44.0.2403.157 Safari/537.36"
210.30.100.2 - - [24/Nov/2015:10:39:41 +0800] "GET /static/images/logo.png HTTP/1.1" 200 10579 "http://121.42.203.57/" "Mozilla/5.0 (X11; Linux x86_64) AppleWebKit/537.36 (KHTML, like Gecko) Chrome/44.0.2403.157 Safari/537.36"
210.30.100.2 - - [24/Nov/2015:10:39:41 +0800] "GET /static/css/font-awesome.min.css HTTP/1.1" 200 26711 "http://121.42.203.57/" "Mozilla/5.0 (X11; Linux x86_64) AppleWebKit/537.36 (KHTML, like Gecko) Chrome/44.0.2403.157 Safari/537.36"
210.30.100.2 - - [24/Nov/2015:10:39:41 +0800] "GET /static/js/tms-0.4.1.js HTTP/1.1" 200 36701 "http://121.42.203.57/" "Mozilla/5.0 (X11; Linux x86_64) AppleWebKit/537.36 (KHTML, like Gecko) Chrome/44.0.2403.157 Safari/537.36"
210.30.100.2 - - [24/Nov/2015:10:39:42 +0800] "GET /static/js/jquery-1.7.min.js HTTP/1.1" 200 94021 "http://121.42.203.57/" "Mozilla/5.0 (X11; Linux x86_64) AppleWebKit/537.36 (KHTML, like Gecko) Chrome/44.0.2403.157 Safari/537.36"
210.30.100.2 - - [24/Nov/2015:10:39:43 +0800] "GET /static/images/slider-1.jpg HTTP/1.1" 200 53288 "http://121.42.203.57/" "Mozilla/5.0 (X11; Linux x86_64) AppleWebKit/537.36 (KHTML, like Gecko) Chrome/44.0.2403.157 Safari/537.36"
210.30.100.2 - - [24/Nov/2015:10:39:43 +0800] "GET /static/images/header-bg.jpg HTTP/1.1" 200 12744 "http://121.42.203.57/static/css/style.css" "Mozilla/5.0 (X11; Linux x86_64) AppleWebKit/537.36 (KHTML, like Gecko) Chrome/44.0.2403.157 Safari/537.36"
210.30.100.2 - - [24/Nov/2015:10:39:43 +0800] "GET /static/images/header-bg-shadow.png HTTP/1.1" 200 1116 "http://121.42.203.57/static/css/style.css" "Mozilla/5.0 (X11; Linux x86_64) AppleWebKit/537.36 (KHTML, like Gecko) Chrome/44.0.2403.157 Safari/537.36"
210.30.100.2 - - [24/Nov/2015:10:39:44 +0800] "GET /static/images/pagination.png HTTP/1.1" 200 3354 "http://121.42.203.57/static/css/slider.css" "Mozilla/5.0 (X11; Linux x86_64) AppleWebKit/537.36 (KHTML, like Gecko) Chrome/44.0.2403.157 Safari/537.36"
210.30.100.2 - - [24/Nov/2015:10:39:44 +0800] "GET /static/images/slider-2.jpg HTTP/1.1" 200 145067 "http://121.42.203.57/" "Mozilla/5.0 (X11; Linux x86_64) AppleWebKit/537.36 (KHTML, like Gecko) Chrome/44.0.2403.157 Safari/537.36"
210.30.100.2 - - [24/Nov/2015:10:39:44 +0800] "GET /static/fonts/fontawesome-webfont.woff2?v=4.4.0 HTTP/1.1" 200 64464 "http://121.42.203.57/static/css/font-awesome.min.css" "Mozilla/5.0 (X11; Linux x86_64) AppleWebKit/537.36 (KHTML, like Gecko) Chrome/44.0.2403.157 Safari/537.36"
210.30.100.2 - - [24/Nov/2015:10:39:45 +0800] "GET /static/images/slider-3.jpg HTTP/1.1" 200 143856 "http://121.42.203.57/" "Mozilla/5.0 (X11; Linux x86_64) AppleWebKit/537.36 (KHTML, like Gecko) Chrome/44.0.2403.157 Safari/537.36"
210.30.100.2 - - [24/Nov/2015:10:39:46 +0800] "GET /favicon.ico HTTP/1.1" 404 570 "http://121.42.203.57/" "Mozilla/5.0 (X11; Linux x86_64) AppleWebKit/537.36 (KHTML, like Gecko) Chrome/44.0.2403.157 Safari/537.36"
210.30.100.2 - - [24/Nov/2015:10:39:49 +0800] "GET /resource/detail/679 HTTP/1.1" 200 3736 "http://121.42.203.57/" "Mozilla/5.0 (X11; Linux x86_64) AppleWebKit/537.36 (KHTML, like Gecko) Chrome/44.0.2403.157 Safari/537.36"
210.30.100.2 - - [24/Nov/2015:10:39:49 +0800] "GET /static/js/footer.js HTTP/1.1" 200 282 "http://121.42.203.57/resource/detail/679" "Mozilla/5.0 (X11; Linux x86_64) AppleWebKit/537.36 (KHTML, like Gecko) Chrome/44.0.2403.157 Safari/537.36"
210.30.100.2 - - [24/Nov/2015:10:39:49 +0800] "GET /static/js/bootstrap.min.js HTTP/1.1" 200 36816 "http://121.42.203.57/resource/detail/679" "Mozilla/5.0 (X11; Linux x86_64) AppleWebKit/537.36 (KHTML, like Gecko) Chrome/44.0.2403.157 Safari/537.36"
210.30.100.2 - - [24/Nov/2015:10:39:49 +0800] "GET /static/js/jquery-1.11.3.min.js HTTP/1.1" 200 95957 "http://121.42.203.57/resource/detail/679" "Mozilla/5.0 (X11; Linux x86_64) AppleWebKit/537.36 (KHTML, like Gecko) Chrome/44.0.2403.157 Safari/537.36"
210.30.100.2 - - [24/Nov/2015:10:39:49 +0800] "GET /static/css/bootstrap.min.css HTTP/1.1" 200 122443 "http://121.42.203.57/resource/detail/679" "Mozilla/5.0 (X11; Linux x86_64) AppleWebKit/537.36 (KHTML, like Gecko) Chrome/44.0.2403.157 Safari/537.36"
210.30.100.2 - - [24/Nov/2015:10:39:56 +0800] "GET /notifications/detail/5962 HTTP/1.1" 200 3745 "http://121.42.203.57/" "Mozilla/5.0 (X11; Linux x86_64) AppleWebKit/537.36 (KHTML, like Gecko) Chrome/44.0.2403.157 Safari/537.36"
210.30.100.2 - - [24/Nov/2015:10:56:31 +0800] "GET / HTTP/1.1" 304 0 "-" "Mozilla/5.0 (X11; Linux x86_64) AppleWebKit/537.36 (KHTML, like Gecko) Chrome/44.0.2403.157 Safari/537.36"
210.30.100.2 - - [24/Nov/2015:10:56:31 +0800] "GET /static/css/reset.css HTTP/1.1" 200 1108 "http://121.42.203.57/" "Mozilla/5.0 (X11; Linux x86_64) AppleWebKit/537.36 (KHTML, like Gecko) Chrome/44.0.2403.157 Safari/537.36"
210.30.100.2 - - [24/Nov/2015:10:56:31 +0800] "GET /static/css/style.css HTTP/1.1" 200 8159 "http://121.42.203.57/" "Mozilla/5.0 (X11; Linux x86_64) AppleWebKit/537.36 (KHTML, like Gecko) Chrome/44.0.2403.157 Safari/537.36"
210.30.100.2 - - [24/Nov/2015:10:56:31 +0800] "GET /static/css/slider.css HTTP/1.1" 200 1263 "http://121.42.203.57/" "Mozilla/5.0 (X11; Linux x86_64) AppleWebKit/537.36 (KHTML, like Gecko) Chrome/44.0.2403.157 Safari/537.36"
210.30.100.2 - - [24/Nov/2015:10:56:31 +0800] "GET /static/css/zerogrid.css HTTP/1.1" 200 2468 "http://121.42.203.57/" "Mozilla/5.0 (X11; Linux x86_64) AppleWebKit/537.36 (KHTML, like Gecko) Chrome/44.0.2403.157 Safari/537.36"
210.30.100.2 - - [24/Nov/2015:10:56:31 +0800] "GET /static/css/responsive.css HTTP/1.1" 200 1339 "http://121.42.203.57/" "Mozilla/5.0 (X11; Linux x86_64) AppleWebKit/537.36 (KHTML, like Gecko) Chrome/44.0.2403.157 Safari/537.36"
210.30.100.2 - - [24/Nov/2015:10:56:31 +0800] "GET /static/images/logo.png HTTP/1.1" 200 10579 "http://121.42.203.57/" "Mozilla/5.0 (X11; Linux x86_64) AppleWebKit/537.36 (KHTML, like Gecko) Chrome/44.0.2403.157 Safari/537.36"
210.30.100.2 - - [24/Nov/2015:10:56:31 +0800] "GET /static/css/font-awesome.min.css HTTP/1.1" 200 26711 "http://121.42.203.57/" "Mozilla/5.0 (X11; Linux x86_64) AppleWebKit/537.36 (KHTML, like Gecko) Chrome/44.0.2403.157 Safari/537.36"
210.30.100.2 - - [24/Nov/2015:10:56:31 +0800] "GET /static/images/header-bg.jpg HTTP/1.1" 200 12744 "http://121.42.203.57/static/css/style.css" "Mozilla/5.0 (X11; Linux x86_64) AppleWebKit/537.36 (KHTML, like Gecko) Chrome/44.0.2403.157 Safari/537.36"
210.30.100.2 - - [24/Nov/2015:10:56:31 +0800] "GET /static/images/header-bg-shadow.png HTTP/1.1" 200 1116 "http://121.42.203.57/static/css/style.css" "Mozilla/5.0 (X11; Linux x86_64) AppleWebKit/537.36 (KHTML, like Gecko) Chrome/44.0.2403.157 Safari/537.36"
210.30.100.2 - - [24/Nov/2015:10:56:32 +0800] "GET /static/images/pagination.png HTTP/1.1" 200 3354 "http://121.42.203.57/static/css/slider.css" "Mozilla/5.0 (X11; Linux x86_64) AppleWebKit/537.36 (KHTML, like Gecko) Chrome/44.0.2403.157 Safari/537.36"
210.30.100.2 - - [24/Nov/2015:10:56:32 +0800] "GET /static/images/slider-1.jpg HTTP/1.1" 200 53288 "http://121.42.203.57/" "Mozilla/5.0 (X11; Linux x86_64) AppleWebKit/537.36 (KHTML, like Gecko) Chrome/44.0.2403.157 Safari/537.36"
210.30.100.2 - - [24/Nov/2015:10:56:32 +0800] "GET /static/fonts/fontawesome-webfont.woff2?v=4.4.0 HTTP/1.1" 200 64464 "http://121.42.203.57/static/css/font-awesome.min.css" "Mozilla/5.0 (X11; Linux x86_64) AppleWebKit/537.36 (KHTML, like Gecko) Chrome/44.0.2403.157 Safari/537.36"
210.30.100.2 - - [24/Nov/2015:10:56:33 +0800] "GET /static/images/slider-3.jpg HTTP/1.1" 200 143856 "http://121.42.203.57/" "Mozilla/5.0 (X11; Linux x86_64) AppleWebKit/537.36 (KHTML, like Gecko) Chrome/44.0.2403.157 Safari/537.36"
210.30.100.2 - - [24/Nov/2015:10:56:33 +0800] "GET /static/images/slider-2.jpg HTTP/1.1" 200 145067 "http://121.42.203.57/" "Mozilla/5.0 (X11; Linux x86_64) AppleWebKit/537.36 (KHTML, like Gecko) Chrome/44.0.2403.157 Safari/537.36"
192.99.144.140 - - [24/Nov/2015:11:01:15 +0800] "PROPFIND /webdav/ HTTP/1.1" 405 180 "-" "WEBDAV Client"
